Archive member included to satisfy reference by file (symbol)

/opt/st/stm32cubeide_1.13.2/plugins/com.st.stm32cube.ide.mcu.externaltools.gnu-tools-for-stm32.11.3.rel1.linux64_1.1.1.202309131626/tools/bin/../lib/gcc/arm-none-eabi/11.3.1/../../../../arm-none-eabi/lib/thumb/v7e-m+fp/hard/libc_nano.a(libc_a-exit.o)
                              /opt/st/stm32cubeide_1.13.2/plugins/com.st.stm32cube.ide.mcu.externaltools.gnu-tools-for-stm32.11.3.rel1.linux64_1.1.1.202309131626/tools/bin/../lib/gcc/arm-none-eabi/11.3.1/../../../../arm-none-eabi/lib/thumb/v7e-m+fp/hard/crt0.o (exit)
/opt/st/stm32cubeide_1.13.2/plugins/com.st.stm32cube.ide.mcu.externaltools.gnu-tools-for-stm32.11.3.rel1.linux64_1.1.1.202309131626/tools/bin/../lib/gcc/arm-none-eabi/11.3.1/../../../../arm-none-eabi/lib/thumb/v7e-m+fp/hard/libc_nano.a(libc_a-findfp.o)
                              /opt/st/stm32cubeide_1.13.2/plugins/com.st.stm32cube.ide.mcu.externaltools.gnu-tools-for-stm32.11.3.rel1.linux64_1.1.1.202309131626/tools/bin/../lib/gcc/arm-none-eabi/11.3.1/../../../../arm-none-eabi/lib/thumb/v7e-m+fp/hard/libc_nano.a(libc_a-exit.o) (__stdio_exit_handler)
/opt/st/stm32cubeide_1.13.2/plugins/com.st.stm32cube.ide.mcu.externaltools.gnu-tools-for-stm32.11.3.rel1.linux64_1.1.1.202309131626/tools/bin/../lib/gcc/arm-none-eabi/11.3.1/../../../../arm-none-eabi/lib/thumb/v7e-m+fp/hard/libc_nano.a(libc_a-fwalk.o)
                              /opt/st/stm32cubeide_1.13.2/plugins/com.st.stm32cube.ide.mcu.externaltools.gnu-tools-for-stm32.11.3.rel1.linux64_1.1.1.202309131626/tools/bin/../lib/gcc/arm-none-eabi/11.3.1/../../../../arm-none-eabi/lib/thumb/v7e-m+fp/hard/libc_nano.a(libc_a-findfp.o) (_fwalk_sglue)
/opt/st/stm32cubeide_1.13.2/plugins/com.st.stm32cube.ide.mcu.externaltools.gnu-tools-for-stm32.11.3.rel1.linux64_1.1.1.202309131626/tools/bin/../lib/gcc/arm-none-eabi/11.3.1/../../../../arm-none-eabi/lib/thumb/v7e-m+fp/hard/libc_nano.a(libc_a-stdio.o)
                              /opt/st/stm32cubeide_1.13.2/plugins/com.st.stm32cube.ide.mcu.externaltools.gnu-tools-for-stm32.11.3.rel1.linux64_1.1.1.202309131626/tools/bin/../lib/gcc/arm-none-eabi/11.3.1/../../../../arm-none-eabi/lib/thumb/v7e-m+fp/hard/libc_nano.a(libc_a-findfp.o) (__sread)
/opt/st/stm32cubeide_1.13.2/plugins/com.st.stm32cube.ide.mcu.externaltools.gnu-tools-for-stm32.11.3.rel1.linux64_1.1.1.202309131626/tools/bin/../lib/gcc/arm-none-eabi/11.3.1/../../../../arm-none-eabi/lib/thumb/v7e-m+fp/hard/libc_nano.a(libc_a-memset.o)
                              /opt/st/stm32cubeide_1.13.2/plugins/com.st.stm32cube.ide.mcu.externaltools.gnu-tools-for-stm32.11.3.rel1.linux64_1.1.1.202309131626/tools/bin/../lib/gcc/arm-none-eabi/11.3.1/../../../../arm-none-eabi/lib/thumb/v7e-m+fp/hard/crt0.o (memset)
/opt/st/stm32cubeide_1.13.2/plugins/com.st.stm32cube.ide.mcu.externaltools.gnu-tools-for-stm32.11.3.rel1.linux64_1.1.1.202309131626/tools/bin/../lib/gcc/arm-none-eabi/11.3.1/../../../../arm-none-eabi/lib/thumb/v7e-m+fp/hard/libc_nano.a(libc_a-closer.o)
                              /opt/st/stm32cubeide_1.13.2/plugins/com.st.stm32cube.ide.mcu.externaltools.gnu-tools-for-stm32.11.3.rel1.linux64_1.1.1.202309131626/tools/bin/../lib/gcc/arm-none-eabi/11.3.1/../../../../arm-none-eabi/lib/thumb/v7e-m+fp/hard/libc_nano.a(libc_a-stdio.o) (_close_r)
/opt/st/stm32cubeide_1.13.2/plugins/com.st.stm32cube.ide.mcu.externaltools.gnu-tools-for-stm32.11.3.rel1.linux64_1.1.1.202309131626/tools/bin/../lib/gcc/arm-none-eabi/11.3.1/../../../../arm-none-eabi/lib/thumb/v7e-m+fp/hard/libc_nano.a(libc_a-reent.o)
                              /opt/st/stm32cubeide_1.13.2/plugins/com.st.stm32cube.ide.mcu.externaltools.gnu-tools-for-stm32.11.3.rel1.linux64_1.1.1.202309131626/tools/bin/../lib/gcc/arm-none-eabi/11.3.1/../../../../arm-none-eabi/lib/thumb/v7e-m+fp/hard/libc_nano.a(libc_a-closer.o) (errno)
/opt/st/stm32cubeide_1.13.2/plugins/com.st.stm32cube.ide.mcu.externaltools.gnu-tools-for-stm32.11.3.rel1.linux64_1.1.1.202309131626/tools/bin/../lib/gcc/arm-none-eabi/11.3.1/../../../../arm-none-eabi/lib/thumb/v7e-m+fp/hard/libc_nano.a(libc_a-impure.o)
                              /opt/st/stm32cubeide_1.13.2/plugins/com.st.stm32cube.ide.mcu.externaltools.gnu-tools-for-stm32.11.3.rel1.linux64_1.1.1.202309131626/tools/bin/../lib/gcc/arm-none-eabi/11.3.1/../../../../arm-none-eabi/lib/thumb/v7e-m+fp/hard/libc_nano.a(libc_a-reent.o) (_impure_ptr)
/opt/st/stm32cubeide_1.13.2/plugins/com.st.stm32cube.ide.mcu.externaltools.gnu-tools-for-stm32.11.3.rel1.linux64_1.1.1.202309131626/tools/bin/../lib/gcc/arm-none-eabi/11.3.1/../../../../arm-none-eabi/lib/thumb/v7e-m+fp/hard/libc_nano.a(libc_a-lseekr.o)
                              /opt/st/stm32cubeide_1.13.2/plugins/com.st.stm32cube.ide.mcu.externaltools.gnu-tools-for-stm32.11.3.rel1.linux64_1.1.1.202309131626/tools/bin/../lib/gcc/arm-none-eabi/11.3.1/../../../../arm-none-eabi/lib/thumb/v7e-m+fp/hard/libc_nano.a(libc_a-stdio.o) (_lseek_r)
[...]
Memory Configuration

Name             Origin             Length             Attributes
RAM              0x0000000020000000 0x0000000000004000 xrw
FLASH            0x0000000008000000 0x0000000000010000 xr
*default*        0x0000000000000000 0xffffffffffffffff

Linker script and memory map

LOAD /opt/st/stm32cubeide_1.13.2/plugins/com.st.stm32cube.ide.mcu.externaltools.gnu-tools-for-stm32.11.3.rel1.linux64_1.1.1.202309131626/tools/bin/../lib/gcc/arm-none-eabi/11.3.1/thumb/v7e-m+fp/hard/crti.o
LOAD /opt/st/stm32cubeide_1.13.2/plugins/com.st.stm32cube.ide.mcu.externaltools.gnu-tools-for-stm32.11.3.rel1.linux64_1.1.1.202309131626/tools/bin/../lib/gcc/arm-none-eabi/11.3.1/thumb/v7e-m+fp/hard/crtbegin.o
LOAD /opt/st/stm32cubeide_1.13.2/plugins/com.st.stm32cube.ide.mcu.externaltools.gnu-tools-for-stm32.11.3.rel1.linux64_1.1.1.202309131626/tools/bin/../lib/gcc/arm-none-eabi/11.3.1/../../../../arm-none-eabi/lib/thumb/v7e-m+fp/hard/crt0.o
LOAD ./Core/Src/freertos.o
LOAD ./Core/Src/main.o
LOAD ./Core/Src/stm32f3xx_hal_msp.o
LOAD ./Core/Src/stm32f3xx_hal_timebase_tim.o
LOAD ./Core/Src/stm32f3xx_it.o
LOAD ./Core/Src/syscalls.o
LOAD ./Core/Src/sysmem.o
LOAD ./Core/Src/system_stm32f3xx.o
LOAD ./Core/Startup/startup_stm32f302r8tx.o
LOAD ./Drivers/STM32F3xx_HAL_Driver/Src/stm32f3xx_hal.o
LOAD ./Drivers/STM32F3xx_HAL_Driver/Src/stm32f3xx_hal_cortex.o
LOAD ./Drivers/STM32F3xx_HAL_Driver/Src/stm32f3xx_hal_dma.o
LOAD ./Drivers/STM32F3xx_HAL_Driver/Src/stm32f3xx_hal_exti.o
LOAD ./Drivers/STM32F3xx_HAL_Driver/Src/stm32f3xx_hal_flash.o
LOAD ./Drivers/STM32F3xx_HAL_Driver/Src/stm32f3xx_hal_flash_ex.o
LOAD ./Drivers/STM32F3xx_HAL_Driver/Src/stm32f3xx_hal_gpio.o
LOAD ./Drivers/STM32F3xx_HAL_Driver/Src/stm32f3xx_hal_i2c.o
LOAD ./Drivers/STM32F3xx_HAL_Driver/Src/stm32f3xx_hal_i2c_ex.o
LOAD ./Drivers/STM32F3xx_HAL_Driver/Src/stm32f3xx_hal_pwr.o
LOAD ./Drivers/STM32F3xx_HAL_Driver/Src/stm32f3xx_hal_pwr_ex.o
LOAD ./Drivers/STM32F3xx_HAL_Driver/Src/stm32f3xx_hal_rcc.o
LOAD ./Drivers/STM32F3xx_HAL_Driver/Src/stm32f3xx_hal_rcc_ex.o
LOAD ./Drivers/STM32F3xx_HAL_Driver/Src/stm32f3xx_hal_tim.o
LOAD ./Drivers/STM32F3xx_HAL_Driver/Src/stm32f3xx_hal_tim_ex.o
LOAD ./Drivers/STM32F3xx_HAL_Driver/Src/stm32f3xx_hal_uart.o
LOAD ./Drivers/STM32F3xx_HAL_Driver/Src/stm32f3xx_hal_uart_ex.o
LOAD ./Middlewares/Third_Party/FreeRTOS/Source/CMSIS_RTOS_V2/cmsis_os2.o
LOAD ./Middlewares/Third_Party/FreeRTOS/Source/croutine.o
LOAD ./Middlewares/Third_Party/FreeRTOS/Source/event_groups.o
LOAD ./Middlewares/Third_Party/FreeRTOS/Source/list.o
LOAD ./Middlewares/Third_Party/FreeRTOS/Source/queue.o
LOAD ./Middlewares/Third_Party/FreeRTOS/Source/stream_buffer.o
LOAD ./Middlewares/Third_Party/FreeRTOS/Source/tasks.o
LOAD ./Middlewares/Third_Party/FreeRTOS/Source/timers.o
LOAD ./Middlewares/Third_Party/FreeRTOS/Source/portable/GCC/ARM_CM4F/port.o
LOAD ./Middlewares/Third_Party/FreeRTOS/Source/portable/MemMang/heap_4.o
START GROUP
LOAD /opt/st/stm32cubeide_1.13.2/plugins/com.st.stm32cube.ide.mcu.externaltools.gnu-tools-for-stm32.11.3.rel1.linux64_1.1.1.202309131626/tools/bin/../lib/gcc/arm-none-eabi/11.3.1/../../../../arm-none-eabi/lib/thumb/v7e-m+fp/hard/libstdc++_nano.a
LOAD /opt/st/stm32cubeide_1.13.2/plugins/com.st.stm32cube.ide.mcu.externaltools.gnu-tools-for-stm32.11.3.rel1.linux64_1.1.1.202309131626/tools/bin/../lib/gcc/arm-none-eabi/11.3.1/../../../../arm-none-eabi/lib/thumb/v7e-m+fp/hard/libsupc++_nano.a
END GROUP
LOAD /opt/st/stm32cubeide_1.13.2/plugins/com.st.stm32cube.ide.mcu.externaltools.gnu-tools-for-stm32.11.3.rel1.linux64_1.1.1.202309131626/tools/bin/../lib/gcc/arm-none-eabi/11.3.1/../../../../arm-none-eabi/lib/thumb/v7e-m+fp/hard/libstdc++_nano.a
LOAD /opt/st/stm32cubeide_1.13.2/plugins/com.st.stm32cube.ide.mcu.externaltools.gnu-tools-for-stm32.11.3.rel1.linux64_1.1.1.202309131626/tools/bin/../lib/gcc/arm-none-eabi/11.3.1/../../../../arm-none-eabi/lib/thumb/v7e-m+fp/hard/libm.a
LOAD /opt/st/stm32cubeide_1.13.2/plugins/com.st.stm32cube.ide.mcu.externaltools.gnu-tools-for-stm32.11.3.rel1.linux64_1.1.1.202309131626/tools/bin/../lib/gcc/arm-none-eabi/11.3.1/../../../../arm-none-eabi/lib/thumb/v7e-m+fp/hard/libc_nano.a
START GROUP
LOAD /opt/st/stm32cubeide_1.13.2/plugins/com.st.stm32cube.ide.mcu.externaltools.gnu-tools-for-stm32.11.3.rel1.linux64_1.1.1.202309131626/tools/bin/../lib/gcc/arm-none-eabi/11.3.1/thumb/v7e-m+fp/hard/libgcc.a
LOAD /opt/st/stm32cubeide_1.13.2/plugins/com.st.stm32cube.ide.mcu.externaltools.gnu-tools-for-stm32.11.3.rel1.linux64_1.1.1.202309131626/tools/bin/../lib/gcc/arm-none-eabi/11.3.1/../../../../arm-none-eabi/lib/thumb/v7e-m+fp/hard/libc_nano.a
END GROUP
START GROUP
LOAD /opt/st/stm32cubeide_1.13.2/plugins/com.st.stm32cube.ide.mcu.externaltools.gnu-tools-for-stm32.11.3.rel1.linux64_1.1.1.202309131626/tools/bin/../lib/gcc/arm-none-eabi/11.3.1/thumb/v7e-m+fp/hard/libgcc.a
LOAD /opt/st/stm32cubeide_1.13.2/plugins/com.st.stm32cube.ide.mcu.externaltools.gnu-tools-for-stm32.11.3.rel1.linux64_1.1.1.202309131626/tools/bin/../lib/gcc/arm-none-eabi/11.3.1/../../../../arm-none-eabi/lib/thumb/v7e-m+fp/hard/libc_nano.a
LOAD /opt/st/stm32cubeide_1.13.2/plugins/com.st.stm32cube.ide.mcu.externaltools.gnu-tools-for-stm32.11.3.rel1.linux64_1.1.1.202309131626/tools/bin/../lib/gcc/arm-none-eabi/11.3.1/../../../../arm-none-eabi/lib/thumb/v7e-m+fp/hard/libnosys.a
END GROUP
START GROUP
LOAD /opt/st/stm32cubeide_1.13.2/plugins/com.st.stm32cube.ide.mcu.externaltools.gnu-tools-for-stm32.11.3.rel1.linux64_1.1.1.202309131626/tools/bin/../lib/gcc/arm-none-eabi/11.3.1/thumb/v7e-m+fp/hard/libgcc.a
LOAD /opt/st/stm32cubeide_1.13.2/plugins/com.st.stm32cube.ide.mcu.externaltools.gnu-tools-for-stm32.11.3.rel1.linux64_1.1.1.202309131626/tools/bin/../lib/gcc/arm-none-eabi/11.3.1/../../../../arm-none-eabi/lib/thumb/v7e-m+fp/hard/libc_nano.a
LOAD /opt/st/stm32cubeide_1.13.2/plugins/com.st.stm32cube.ide.mcu.externaltools.gnu-tools-for-stm32.11.3.rel1.linux64_1.1.1.202309131626/tools/bin/../lib/gcc/arm-none-eabi/11.3.1/../../../../arm-none-eabi/lib/thumb/v7e-m+fp/hard/libnosys.a
END GROUP
LOAD /opt/st/stm32cubeide_1.13.2/plugins/com.st.stm32cube.ide.mcu.externaltools.gnu-tools-for-stm32.11.3.rel1.linux64_1.1.1.202309131626/tools/bin/../lib/gcc/arm-none-eabi/11.3.1/thumb/v7e-m+fp/hard/crtend.o
LOAD /opt/st/stm32cubeide_1.13.2/plugins/com.st.stm32cube.ide.mcu.externaltools.gnu-tools-for-stm32.11.3.rel1.linux64_1.1.1.202309131626/tools/bin/../lib/gcc/arm-none-eabi/11.3.1/thumb/v7e-m+fp/hard/crtn.o
                0x0000000020004000                _estack = (ORIGIN (RAM) + LENGTH (RAM))
                0x0000000000000200                _Min_Heap_Size = 0x200
                0x0000000000000400                _Min_Stack_Size = 0x400

.isr_vector     0x0000000008000000      0x188
                0x0000000008000000                . = ALIGN (0x4)
 *(.isr_vector)
 .isr_vector    0x0000000008000000      0x188 ./Core/Startup/startup_stm32f302r8tx.o
                0x0000000008000000                g_pfnVectors
                0x0000000008000188                . = ALIGN (0x4)

.text           0x0000000008000190     0x63e8
                0x0000000008000190                . = ALIGN (0x4)
 *(.text)
 .text          0x0000000008000190       0x40 /opt/st/stm32cubeide_1.13.2/plugins/com.st.stm32cube.ide.mcu.externaltools.gnu-tools-for-stm32.11.3.rel1.linux64_1.1.1.202309131626/tools/bin/../lib/gcc/arm-none-eabi/11.3.1/thumb/v7e-m+fp/hard/crtbegin.o
 .text          0x00000000080001d0       0x10 /opt/st/stm32cubeide_1.13.2/plugins/com.st.stm32cube.ide.mcu.externaltools.gnu-tools-for-stm32.11.3.rel1.linux64_1.1.1.202309131626/tools/bin/../lib/gcc/arm-none-eabi/11.3.1/../../../../arm-none-eabi/lib/thumb/v7e-m+fp/hard/libc_nano.a(libc_a-strlen.o)
                0x00000000080001d0                strlen
 *(.text*)
 .text.main     0x00000000080001e0       0xa8 ./Core/Src/main.o
                0x00000000080001e0                main
 .text.SystemClock_Config
                0x0000000008000288       0xa0 ./Core/Src/main.o
                0x0000000008000288                SystemClock_Config
 .text.MX_USART1_UART_Init
                0x0000000008000328       0x60 ./Core/Src/main.o
 .text.MX_GPIO_Init
                0x0000000008000388       0x60 ./Core/Src/main.o
 .text.FON_UART_Receive
                0x00000000080003e8       0x64 ./Core/Src/main.o
                0x00000000080003e8                FON_UART_Receive
 .text.BT_reader_funct
                0x000000000800044c       0xd4 ./Core/Src/main.o
                0x000000000800044c                BT_reader_funct
 .text.MT_controller_funct
                0x0000000008000520       0x78 ./Core/Src/main.o
                0x0000000008000520                MT_controller_funct
 .text.Sensor_reader_funct
                0x0000000008000598       0x10 ./Core/Src/main.o
                0x0000000008000598                Sensor_reader_funct
 .text.HAL_TIM_PeriodElapsedCallback
                0x00000000080005a8       0x24 ./Core/Src/main.o
                0x00000000080005a8                HAL_TIM_PeriodElapsedCallback
 .text.Error_Handler
                0x00000000080005cc        0xe ./Core/Src/main.o
                0x00000000080005cc                Error_Handler
 *fill*         0x00000000080005da        0x2 
 .text.HAL_MspInit
                0x00000000080005dc       0x50 ./Core/Src/stm32f3xx_hal_msp.o
                0x00000000080005dc                HAL_MspInit
 .text.HAL_UART_MspInit
                0x000000000800062c       0x88 ./Core/Src/stm32f3xx_hal_msp.o
                0x000000000800062c                HAL_UART_MspInit
 .text.HAL_InitTick
                0x00000000080006b4       0xf4 ./Core/Src/stm32f3xx_hal_timebase_tim.o
                0x00000000080006b4                HAL_InitTick
 .text.NMI_Handler
                0x00000000080007a8        0x6 ./Core/Src/stm32f3xx_it.o
                0x00000000080007a8                NMI_Handler
 .text.HardFault_Handler
                0x00000000080007ae        0x6 ./Core/Src/stm32f3xx_it.o
                0x00000000080007ae                HardFault_Handler
 .text.MemManage_Handler
                0x00000000080007b4        0x6 ./Core/Src/stm32f3xx_it.o
                0x00000000080007b4                MemManage_Handler
 .text.BusFault_Handler
                0x00000000080007ba        0x6 ./Core/Src/stm32f3xx_it.o
                0x00000000080007ba                BusFault_Handler
 .text.UsageFault_Handler
                0x00000000080007c0        0x6 ./Core/Src/stm32f3xx_it.o
                0x00000000080007c0                UsageFault_Handler
 .text.DebugMon_Handler
                0x00000000080007c6        0xe ./Core/Src/stm32f3xx_it.o
                0x00000000080007c6                DebugMon_Handler
 .text.TIM6_DAC_IRQHandler
                0x00000000080007d4       0x14 ./Core/Src/stm32f3xx_it.o
                0x00000000080007d4                TIM6_DAC_IRQHandler
 .text.SystemInit
                0x00000000080007e8       0x24 ./Core/Src/system_stm32f3xx.o
                0x00000000080007e8                SystemInit
 .text.Reset_Handler
                0x000000000800080c       0x50 ./Core/Startup/startup_stm32f302r8tx.o
                0x000000000800080c                Reset_Handler
 .text.Default_Handler
                0x000000000800085c        0x2 ./Core/Startup/startup_stm32f302r8tx.o
                0x000000000800085c                RTC_Alarm_IRQHandler
                0x000000000800085c                TIM1_CC_IRQHandler
                0x000000000800085c                USB_HP_IRQHandler
                0x000000000800085c                PVD_IRQHandler
                0x000000000800085c                TAMP_STAMP_IRQHandler
                0x000000000800085c                EXTI3_IRQHandler
                0x000000000800085c                I2C3_ER_IRQHandler
                0x000000000800085c                USB_HP_CAN_TX_IRQHandler
                0x000000000800085c                EXTI0_IRQHandler
                0x000000000800085c                I2C2_EV_IRQHandler
                0x000000000800085c                FPU_IRQHandler
                0x000000000800085c                TIM1_UP_TIM16_IRQHandler
                0x000000000800085c                CAN_SCE_IRQHandler
                0x000000000800085c                DMA1_Channel4_IRQHandler
                0x000000000800085c                ADC1_IRQHandler
                0x000000000800085c                USART3_IRQHandler
                0x000000000800085c                DMA1_Channel7_IRQHandler
                0x000000000800085c                CAN_RX1_IRQHandler
                0x000000000800085c                I2C1_EV_IRQHandler
                0x000000000800085c                DMA1_Channel6_IRQHandler
                0x000000000800085c                RCC_IRQHandler
                0x000000000800085c                DMA1_Channel1_IRQHandler
                0x000000000800085c                Default_Handler
                0x000000000800085c                USBWakeUp_RMP_IRQHandler
                0x000000000800085c                EXTI15_10_IRQHandler
                0x000000000800085c                COMP2_IRQHandler
                0x000000000800085c                I2C3_EV_IRQHandler
                0x000000000800085c                EXTI9_5_IRQHandler
                0x000000000800085c                RTC_WKUP_IRQHandler
                0x000000000800085c                SPI2_IRQHandler
                0x000000000800085c                USB_LP_CAN_RX0_IRQHandler
                0x000000000800085c                DMA1_Channel5_IRQHandler
                0x000000000800085c                USB_LP_IRQHandler
                0x000000000800085c                EXTI4_IRQHandler
                0x000000000800085c                TIM1_TRG_COM_TIM17_IRQHandler
                0x000000000800085c                DMA1_Channel3_IRQHandler
                0x000000000800085c                WWDG_IRQHandler
                0x000000000800085c                TIM2_IRQHandler
                0x000000000800085c                EXTI1_IRQHandler
                0x000000000800085c                COMP4_6_IRQHandler
                0x000000000800085c                USART2_IRQHandler
                0x000000000800085c                I2C2_ER_IRQHandler
                0x000000000800085c                DMA1_Channel2_IRQHandler
                0x000000000800085c                FLASH_IRQHandler
                0x000000000800085c                USART1_IRQHandler
                0x000000000800085c                SPI3_IRQHandler
                0x000000000800085c                I2C1_ER_IRQHandler
                0x000000000800085c                USBWakeUp_IRQHandler
                0x000000000800085c                EXTI2_TSC_IRQHandler
                0x000000000800085c                TIM1_BRK_TIM15_IRQHandler
 *fill*         0x000000000800085e        0x2 
 .text.HAL_Init
                0x0000000008000860       0x2c ./Drivers/STM32F3xx_HAL_Driver/Src/stm32f3xx_hal.o
                0x0000000008000860                HAL_Init
 .text.HAL_IncTick
                0x000000000800088c       0x28 ./Drivers/STM32F3xx_HAL_Driver/Src/stm32f3xx_hal.o
                0x000000000800088c                HAL_IncTick
 .text.HAL_GetTick
                0x00000000080008b4       0x18 ./Drivers/STM32F3xx_HAL_Driver/Src/stm32f3xx_hal.o
                0x00000000080008b4                HAL_GetTick
 .text.__NVIC_SetPriorityGrouping
                0x00000000080008cc       0x48 ./Drivers/STM32F3xx_HAL_Driver/Src/stm32f3xx_hal_cortex.o
 .text.__NVIC_GetPriorityGrouping
                0x0000000008000914       0x1c ./Drivers/STM32F3xx_HAL_Driver/Src/stm32f3xx_hal_cortex.o
 .text.__NVIC_EnableIRQ
                0x0000000008000930       0x3c ./Drivers/STM32F3xx_HAL_Driver/Src/stm32f3xx_hal_cortex.o
 .text.__NVIC_SetPriority
                0x000000000800096c       0x54 ./Drivers/STM32F3xx_HAL_Driver/Src/stm32f3xx_hal_cortex.o
 .text.NVIC_EncodePriority
                0x00000000080009c0       0x66 ./Drivers/STM32F3xx_HAL_Driver/Src/stm32f3xx_hal_cortex.o
 .text.HAL_NVIC_SetPriorityGrouping
                0x0000000008000a26       0x16 ./Drivers/STM32F3xx_HAL_Driver/Src/stm32f3xx_hal_cortex.o
                0x0000000008000a26                HAL_NVIC_SetPriorityGrouping
 .text.HAL_NVIC_SetPriority
                0x0000000008000a3c       0x38 ./Drivers/STM32F3xx_HAL_Driver/Src/stm32f3xx_hal_cortex.o
                0x0000000008000a3c                HAL_NVIC_SetPriority
 .text.HAL_NVIC_EnableIRQ
                0x0000000008000a74       0x1c ./Drivers/STM32F3xx_HAL_Driver/Src/stm32f3xx_hal_cortex.o
                0x0000000008000a74                HAL_NVIC_EnableIRQ
 .text.HAL_GPIO_Init
                0x0000000008000a90      0x2e4 ./Drivers/STM32F3xx_HAL_Driver/Src/stm32f3xx_hal_gpio.o
                0x0000000008000a90                HAL_GPIO_Init
 .text.HAL_RCC_OscConfig
                0x0000000008000d74     0x107c ./Drivers/STM32F3xx_HAL_Driver/Src/stm32f3xx_hal_rcc.o
                0x0000000008000d74                HAL_RCC_OscConfig
 .text.HAL_RCC_ClockConfig
                0x0000000008001df0      0x2f8 ./Drivers/STM32F3xx_HAL_Driver/Src/stm32f3xx_hal_rcc.o
                0x0000000008001df0                HAL_RCC_ClockConfig
 .text.HAL_RCC_GetSysClockFreq
                0x00000000080020e8       0xd4 ./Drivers/STM32F3xx_HAL_Driver/Src/stm32f3xx_hal_rcc.o
                0x00000000080020e8                HAL_RCC_GetSysClockFreq
 .text.HAL_RCC_GetHCLKFreq
                0x00000000080021bc       0x18 ./Drivers/STM32F3xx_HAL_Driver/Src/stm32f3xx_hal_rcc.o
                0x00000000080021bc                HAL_RCC_GetHCLKFreq
 .text.HAL_RCC_GetPCLK1Freq
                0x00000000080021d4       0x44 ./Drivers/STM32F3xx_HAL_Driver/Src/stm32f3xx_hal_rcc.o
                0x00000000080021d4                HAL_RCC_GetPCLK1Freq
 .text.HAL_RCC_GetPCLK2Freq
                0x0000000008002218       0x44 ./Drivers/STM32F3xx_HAL_Driver/Src/stm32f3xx_hal_rcc.o
                0x0000000008002218                HAL_RCC_GetPCLK2Freq
 .text.HAL_RCC_GetClockConfig
                0x000000000800225c       0x64 ./Drivers/STM32F3xx_HAL_Driver/Src/stm32f3xx_hal_rcc.o
                0x000000000800225c                HAL_RCC_GetClockConfig
 .text.HAL_RCCEx_PeriphCLKConfig
                0x00000000080022c0      0x324 ./Drivers/STM32F3xx_HAL_Driver/Src/stm32f3xx_hal_rcc_ex.o
                0x00000000080022c0                HAL_RCCEx_PeriphCLKConfig
 .text.HAL_TIM_Base_Init
                0x00000000080025e4       0xae ./Drivers/STM32F3xx_HAL_Driver/Src/stm32f3xx_hal_tim.o
                0x00000000080025e4                HAL_TIM_Base_Init
 .text.HAL_TIM_Base_MspInit
                0x0000000008002692       0x14 ./Drivers/STM32F3xx_HAL_Driver/Src/stm32f3xx_hal_tim.o
                0x0000000008002692                HAL_TIM_Base_MspInit
 *fill*         0x00000000080026a6        0x2 
 .text.HAL_TIM_Base_Start_IT
                0x00000000080026a8       0xa8 ./Drivers/STM32F3xx_HAL_Driver/Src/stm32f3xx_hal_tim.o
                0x00000000080026a8                HAL_TIM_Base_Start_IT
 .text.HAL_TIM_IRQHandler
                0x0000000008002750      0x23e ./Drivers/STM32F3xx_HAL_Driver/Src/stm32f3xx_hal_tim.o
                0x0000000008002750                HAL_TIM_IRQHandler
 .text.HAL_TIM_OC_DelayElapsedCallback
                0x000000000800298e       0x14 ./Drivers/STM32F3xx_HAL_Driver/Src/stm32f3xx_hal_tim.o
                0x000000000800298e                HAL_TIM_OC_DelayElapsedCallback
 .text.HAL_TIM_IC_CaptureCallback
                0x00000000080029a2       0x14 ./Drivers/STM32F3xx_HAL_Driver/Src/stm32f3xx_hal_tim.o
                0x00000000080029a2                HAL_TIM_IC_CaptureCallback
 .text.HAL_TIM_PWM_PulseFinishedCallback
                0x00000000080029b6       0x14 ./Drivers/STM32F3xx_HAL_Driver/Src/stm32f3xx_hal_tim.o
                0x00000000080029b6                HAL_TIM_PWM_PulseFinishedCallback
 .text.HAL_TIM_TriggerCallback
                0x00000000080029ca       0x14 ./Drivers/STM32F3xx_HAL_Driver/Src/stm32f3xx_hal_tim.o
                0x00000000080029ca                HAL_TIM_TriggerCallback
 *fill*         0x00000000080029de        0x2 
 .text.TIM_Base_SetConfig
                0x00000000080029e0       0xdc ./Drivers/STM32F3xx_HAL_Driver/Src/stm32f3xx_hal_tim.o
                0x00000000080029e0                TIM_Base_SetConfig
 .text.HAL_TIMEx_CommutCallback
                0x0000000008002abc       0x14 ./Drivers/STM32F3xx_HAL_Driver/Src/stm32f3xx_hal_tim_ex.o
                0x0000000008002abc                HAL_TIMEx_CommutCallback
 .text.HAL_TIMEx_BreakCallback
                0x0000000008002ad0       0x14 ./Drivers/STM32F3xx_HAL_Driver/Src/stm32f3xx_hal_tim_ex.o
                0x0000000008002ad0                HAL_TIMEx_BreakCallback
 .text.HAL_TIMEx_Break2Callback
                0x0000000008002ae4       0x14 ./Drivers/STM32F3xx_HAL_Driver/Src/stm32f3xx_hal_tim_ex.o
                0x0000000008002ae4                HAL_TIMEx_Break2Callback
 .text.HAL_UART_Init
                0x0000000008002af8       0x9c ./Drivers/STM32F3xx_HAL_Driver/Src/stm32f3xx_hal_uart.o
                0x0000000008002af8                HAL_UART_Init
 .text.HAL_UART_Transmit
                0x0000000008002b94      0x114 ./Drivers/STM32F3xx_HAL_Driver/Src/stm32f3xx_hal_uart.o
                0x0000000008002b94                HAL_UART_Transmit
 .text.HAL_UART_Receive
                0x0000000008002ca8      0x192 ./Drivers/STM32F3xx_HAL_Driver/Src/stm32f3xx_hal_uart.o
                0x0000000008002ca8                HAL_UART_Receive
 *fill*         0x0000000008002e3a        0x2 
 .text.UART_SetConfig
                0x0000000008002e3c      0x26c ./Drivers/STM32F3xx_HAL_Driver/Src/stm32f3xx_hal_uart.o
                0x0000000008002e3c                UART_SetConfig
 .text.UART_AdvFeatureConfig
                0x00000000080030a8      0x144 ./Drivers/STM32F3xx_HAL_Driver/Src/stm32f3xx_hal_uart.o
                0x00000000080030a8                UART_AdvFeatureConfig
 .text.UART_CheckIdleState
                0x00000000080031ec      0x150 ./Drivers/STM32F3xx_HAL_Driver/Src/stm32f3xx_hal_uart.o
                0x00000000080031ec                UART_CheckIdleState
 .text.UART_WaitOnFlagUntilTimeout
                0x000000000800333c       0xce ./Drivers/STM32F3xx_HAL_Driver/Src/stm32f3xx_hal_uart.o
                0x000000000800333c                UART_WaitOnFlagUntilTimeout
 .text.UART_EndRxTransfer
                0x000000000800340a       0xc8 ./Drivers/STM32F3xx_HAL_Driver/Src/stm32f3xx_hal_uart.o
 *fill*         0x00000000080034d2        0x2 
 .text.osKernelInitialize
                0x00000000080034d4       0x68 ./Middlewares/Third_Party/FreeRTOS/Source/CMSIS_RTOS_V2/cmsis_os2.o
                0x00000000080034d4                osKernelInitialize
 .text.osKernelStart
                0x000000000800353c       0x68 ./Middlewares/Third_Party/FreeRTOS/Source/CMSIS_RTOS_V2/cmsis_os2.o
                0x000000000800353c                osKernelStart
 .text.osThreadNew
                0x00000000080035a4      0x154 ./Middlewares/Third_Party/FreeRTOS/Source/CMSIS_RTOS_V2/cmsis_os2.o
                0x00000000080035a4                osThreadNew
 .text.osThreadYield
                0x00000000080036f8       0x64 ./Middlewares/Third_Party/FreeRTOS/Source/CMSIS_RTOS_V2/cmsis_os2.o
                0x00000000080036f8                osThreadYield
 .text.osDelay  0x000000000800375c       0x5c ./Middlewares/Third_Party/FreeRTOS/Source/CMSIS_RTOS_V2/cmsis_os2.o
                0x000000000800375c                osDelay
 .text.osMessageQueueNew
                0x00000000080037b8      0x10c ./Middlewares/Third_Party/FreeRTOS/Source/CMSIS_RTOS_V2/cmsis_os2.o
                0x00000000080037b8                osMessageQueueNew
 .text.osMessageQueuePut
                0x00000000080038c4       0xe8 ./Middlewares/Third_Party/FreeRTOS/Source/CMSIS_RTOS_V2/cmsis_os2.o
                0x00000000080038c4                osMessageQueuePut
 .text.osMessageQueueGet
                0x00000000080039ac       0xe4 ./Middlewares/Third_Party/FreeRTOS/Source/CMSIS_RTOS_V2/cmsis_os2.o
                0x00000000080039ac                osMessageQueueGet
 .text.osMessageQueueGetCount
                0x0000000008003a90       0x64 ./Middlewares/Third_Party/FreeRTOS/Source/CMSIS_RTOS_V2/cmsis_os2.o
                0x0000000008003a90                osMessageQueueGetCount
 .text.vApplicationGetIdleTaskMemory
                0x0000000008003af4       0x34 ./Middlewares/Third_Party/FreeRTOS/Source/CMSIS_RTOS_V2/cmsis_os2.o
                0x0000000008003af4                vApplicationGetIdleTaskMemory
 .text.vApplicationGetTimerTaskMemory
                0x0000000008003b28       0x34 ./Middlewares/Third_Party/FreeRTOS/Source/CMSIS_RTOS_V2/cmsis_os2.o
                0x0000000008003b28                vApplicationGetTimerTaskMemory
 .text.vListInitialise
                0x0000000008003b5c       0x40 ./Middlewares/Third_Party/FreeRTOS/Source/list.o
                0x0000000008003b5c                vListInitialise
 .text.vListInitialiseItem
                0x0000000008003b9c       0x1a ./Middlewares/Third_Party/FreeRTOS/Source/list.o
                0x0000000008003b9c                vListInitialiseItem
 .text.vListInsertEnd
                0x0000000008003bb6       0x48 ./Middlewares/Third_Party/FreeRTOS/Source/list.o
                0x0000000008003bb6                vListInsertEnd
 .text.vListInsert
                0x0000000008003bfe       0x72 ./Middlewares/Third_Party/FreeRTOS/Source/list.o
                0x0000000008003bfe                vListInsert
 .text.uxListRemove
                0x0000000008003c70       0x54 ./Middlewares/Third_Party/FreeRTOS/Source/list.o
                0x0000000008003c70                uxListRemove
 .text.xQueueGenericReset
                0x0000000008003cc4       0xd0 ./Middlewares/Third_Party/FreeRTOS/Source/queue.o
                0x0000000008003cc4                xQueueGenericReset
 .text.xQueueGenericCreateStatic
                0x0000000008003d94       0xee ./Middlewares/Third_Party/FreeRTOS/Source/queue.o
                0x0000000008003d94                xQueueGenericCreateStatic
 .text.xQueueGenericCreate
                0x0000000008003e82       0x7c ./Middlewares/Third_Party/FreeRTOS/Source/queue.o
                0x0000000008003e82                xQueueGenericCreate
 .text.prvInitialiseNewQueue
                0x0000000008003efe       0x46 ./Middlewares/Third_Party/FreeRTOS/Source/queue.o
 .text.xQueueGenericSend
                0x0000000008003f44      0x1fc ./Middlewares/Third_Party/FreeRTOS/Source/queue.o
                0x0000000008003f44                xQueueGenericSend
 .text.xQueueGenericSendFromISR
                0x0000000008004140      0x130 ./Middlewares/Third_Party/FreeRTOS/Source/queue.o
                0x0000000008004140                xQueueGenericSendFromISR
 .text.xQueueReceive
                0x0000000008004270      0x1c0 ./Middlewares/Third_Party/FreeRTOS/Source/queue.o
                0x0000000008004270                xQueueReceive
 .text.xQueueReceiveFromISR
                0x0000000008004430      0x100 ./Middlewares/Third_Party/FreeRTOS/Source/queue.o
                0x0000000008004430                xQueueReceiveFromISR
 .text.uxQueueMessagesWaiting
                0x0000000008004530       0x3c ./Middlewares/Third_Party/FreeRTOS/Source/queue.o
                0x0000000008004530                uxQueueMessagesWaiting
 .text.uxQueueMessagesWaitingFromISR
                0x000000000800456c       0x38 ./Middlewares/Third_Party/FreeRTOS/Source/queue.o
                0x000000000800456c                uxQueueMessagesWaitingFromISR
 .text.prvCopyDataToQueue
                0x00000000080045a4       0xd4 ./Middlewares/Third_Party/FreeRTOS/Source/queue.o
 .text.prvCopyDataFromQueue
                0x0000000008004678       0x4c ./Middlewares/Third_Party/FreeRTOS/Source/queue.o
 .text.prvUnlockQueue
                0x00000000080046c4       0xa4 ./Middlewares/Third_Party/FreeRTOS/Source/queue.o
 .text.prvIsQueueEmpty
                0x0000000008004768       0x2c ./Middlewares/Third_Party/FreeRTOS/Source/queue.o
 .text.prvIsQueueFull
                0x0000000008004794       0x30 ./Middlewares/Third_Party/FreeRTOS/Source/queue.o
 .text.vQueueAddToRegistry
                0x00000000080047c4       0x54 ./Middlewares/Third_Party/FreeRTOS/Source/queue.o
                0x00000000080047c4                vQueueAddToRegistry
 .text.vQueueWaitForMessageRestricted
                0x0000000008004818       0x68 ./Middlewares/Third_Party/FreeRTOS/Source/queue.o
                0x0000000008004818                vQueueWaitForMessageRestricted
 .text.xTaskCreateStatic
                0x0000000008004880       0xb8 ./Middlewares/Third_Party/FreeRTOS/Source/tasks.o
                0x0000000008004880                xTaskCreateStatic
 .text.xTaskCreate
                0x0000000008004938       0x8a ./Middlewares/Third_Party/FreeRTOS/Source/tasks.o
                0x0000000008004938                xTaskCreate
 .text.prvInitialiseNewTask
                0x00000000080049c2      0x10e ./Middlewares/Third_Party/FreeRTOS/Source/tasks.o
 .text.prvAddNewTaskToReadyList
                0x0000000008004ad0       0xe0 ./Middlewares/Third_Party/FreeRTOS/Source/tasks.o
 .text.vTaskDelay
                0x0000000008004bb0       0x68 ./Middlewares/Third_Party/FreeRTOS/Source/tasks.o
                0x0000000008004bb0                vTaskDelay
 .text.vTaskStartScheduler
                0x0000000008004c18       0xcc ./Middlewares/Third_Party/FreeRTOS/Source/tasks.o
                0x0000000008004c18                vTaskStartScheduler
 .text.vTaskSuspendAll
                0x0000000008004ce4       0x1c ./Middlewares/Third_Party/FreeRTOS/Source/tasks.o
                0x0000000008004ce4                vTaskSuspendAll
 .text.xTaskResumeAll
                0x0000000008004d00      0x13c ./Middlewares/Third_Party/FreeRTOS/Source/tasks.o
                0x0000000008004d00                xTaskResumeAll
 .text.xTaskGetTickCount
                0x0000000008004e3c       0x20 ./Middlewares/Third_Party/FreeRTOS/Source/tasks.o
                0x0000000008004e3c                xTaskGetTickCount
 .text.xTaskIncrementTick
                0x0000000008004e5c      0x17c ./Middlewares/Third_Party/FreeRTOS/Source/tasks.o
                0x0000000008004e5c                xTaskIncrementTick
 .text.vTaskSwitchContext
                0x0000000008004fd8       0xbc ./Middlewares/Third_Party/FreeRTOS/Source/tasks.o
                0x0000000008004fd8                vTaskSwitchContext
 .text.vTaskPlaceOnEventList
                0x0000000008005094       0x48 ./Middlewares/Third_Party/FreeRTOS/Source/tasks.o
                0x0000000008005094                vTaskPlaceOnEventList
 .text.vTaskPlaceOnEventListRestricted
                0x00000000080050dc       0x58 ./Middlewares/Third_Party/FreeRTOS/Source/tasks.o
                0x00000000080050dc                vTaskPlaceOnEventListRestricted
 .text.xTaskRemoveFromEventList
                0x0000000008005134       0xc8 ./Middlewares/Third_Party/FreeRTOS/Source/tasks.o
                0x0000000008005134                xTaskRemoveFromEventList
 .text.vTaskInternalSetTimeOutState
                0x00000000080051fc       0x2c ./Middlewares/Third_Party/FreeRTOS/Source/tasks.o
                0x00000000080051fc                vTaskInternalSetTimeOutState
 .text.xTaskCheckForTimeOut
                0x0000000008005228       0xc4 ./Middlewares/Third_Party/FreeRTOS/Source/tasks.o
                0x0000000008005228                xTaskCheckForTimeOut
 .text.vTaskMissedYield
                0x00000000080052ec       0x18 ./Middlewares/Third_Party/FreeRTOS/Source/tasks.o
                0x00000000080052ec                vTaskMissedYield
 .text.prvIdleTask
                0x0000000008005304       0x30 ./Middlewares/Third_Party/FreeRTOS/Source/tasks.o
 .text.prvInitialiseTaskLists
                0x0000000008005334       0x80 ./Middlewares/Third_Party/FreeRTOS/Source/tasks.o
 .text.prvCheckTasksWaitingTermination
                0x00000000080053b4       0x5c ./Middlewares/Third_Party/FreeRTOS/Source/tasks.o
 .text.prvDeleteTCB
                0x0000000008005410       0x5e ./Middlewares/Third_Party/FreeRTOS/Source/tasks.o
 *fill*         0x000000000800546e        0x2 
 .text.prvResetNextTaskUnblockTime
                0x0000000008005470       0x4c ./Middlewares/Third_Party/FreeRTOS/Source/tasks.o
 .text.xTaskGetSchedulerState
                0x00000000080054bc       0x3c ./Middlewares/Third_Party/FreeRTOS/Source/tasks.o
                0x00000000080054bc                xTaskGetSchedulerState
 .text.xTaskPriorityDisinherit
                0x00000000080054f8       0xdc ./Middlewares/Third_Party/FreeRTOS/Source/tasks.o
                0x00000000080054f8                xTaskPriorityDisinherit
 .text.prvAddCurrentTaskToDelayedList
                0x00000000080055d4       0xa8 ./Middlewares/Third_Party/FreeRTOS/Source/tasks.o
 .text.xTimerCreateTimerTask
                0x000000000800567c       0x90 ./Middlewares/Third_Party/FreeRTOS/Source/timers.o
                0x000000000800567c                xTimerCreateTimerTask
 .text.xTimerGenericCommand
                0x000000000800570c       0x9c ./Middlewares/Third_Party/FreeRTOS/Source/timers.o
                0x000000000800570c                xTimerGenericCommand
 .text.prvProcessExpiredTimer
                0x00000000080057a8       0x80 ./Middlewares/Third_Party/FreeRTOS/Source/timers.o
 .text.prvTimerTask
                0x0000000008005828       0x24 ./Middlewares/Third_Party/FreeRTOS/Source/timers.o
 .text.prvProcessTimerOrBlockTask
                0x000000000800584c       0x9c ./Middlewares/Third_Party/FreeRTOS/Source/timers.o
 .text.prvGetNextExpireTime
                0x00000000080058e8       0x48 ./Middlewares/Third_Party/FreeRTOS/Source/timers.o
 .text.prvSampleTimeNow
                0x0000000008005930       0x40 ./Middlewares/Third_Party/FreeRTOS/Source/timers.o
 .text.prvInsertTimerInActiveList
                0x0000000008005970       0x84 ./Middlewares/Third_Party/FreeRTOS/Source/timers.o
 .text.prvProcessReceivedCommands
                0x00000000080059f4      0x168 ./Middlewares/Third_Party/FreeRTOS/Source/timers.o
 .text.prvSwitchTimerLists
                0x0000000008005b5c       0xc4 ./Middlewares/Third_Party/FreeRTOS/Source/timers.o
 .text.prvCheckForValidListAndQueue
                0x0000000008005c20       0x80 ./Middlewares/Third_Party/FreeRTOS/Source/timers.o
 .text.pxPortInitialiseStack
                0x0000000008005ca0       0x68 ./Middlewares/Third_Party/FreeRTOS/Source/portable/GCC/ARM_CM4F/port.o
                0x0000000008005ca0                pxPortInitialiseStack
 .text.prvTaskExitError
                0x0000000008005d08       0x58 ./Middlewares/Third_Party/FreeRTOS/Source/portable/GCC/ARM_CM4F/port.o
 .text.SVC_Handler
                0x0000000008005d60       0x28 ./Middlewares/Third_Party/FreeRTOS/Source/portable/GCC/ARM_CM4F/port.o
                0x0000000008005d60                SVC_Handler
 .text.prvPortStartFirstTask
                0x0000000008005d88       0x28 ./Middlewares/Third_Party/FreeRTOS/Source/portable/GCC/ARM_CM4F/port.o
 .text.xPortStartScheduler
                0x0000000008005db0      0x144 ./Middlewares/Third_Party/FreeRTOS/Source/portable/GCC/ARM_CM4F/port.o
                0x0000000008005db0                xPortStartScheduler
 .text.vPortEnterCritical
                0x0000000008005ef4       0x60 ./Middlewares/Third_Party/FreeRTOS/Source/portable/GCC/ARM_CM4F/port.o
                0x0000000008005ef4                vPortEnterCritical
 .text.vPortExitCritical
                0x0000000008005f54       0x54 ./Middlewares/Third_Party/FreeRTOS/Source/portable/GCC/ARM_CM4F/port.o
                0x0000000008005f54                vPortExitCritical
 *fill*         0x0000000008005fa8        0x8 
 .text.PendSV_Handler
                0x0000000008005fb0       0x68 ./Middlewares/Third_Party/FreeRTOS/Source/portable/GCC/ARM_CM4F/port.o
                0x0000000008005fb0                PendSV_Handler
 .text.SysTick_Handler
                0x0000000008006018       0x44 ./Middlewares/Third_Party/FreeRTOS/Source/portable/GCC/ARM_CM4F/port.o
                0x0000000008006018                SysTick_Handler
 .text.vPortSetupTimerInterrupt
                0x000000000800605c       0x48 ./Middlewares/Third_Party/FreeRTOS/Source/portable/GCC/ARM_CM4F/port.o
                0x000000000800605c                vPortSetupTimerInterrupt
 .text.vPortEnableVFP
                0x00000000080060a4       0x14 ./Middlewares/Third_Party/FreeRTOS/Source/portable/GCC/ARM_CM4F/port.o
 .text.vPortValidateInterruptPriority
                0x00000000080060b8       0x80 ./Middlewares/Third_Party/FreeRTOS/Source/portable/GCC/ARM_CM4F/port.o
                0x00000000080060b8                vPortValidateInterruptPriority
 .text.pvPortMalloc
                0x0000000008006138      0x188 ./Middlewares/Third_Party/FreeRTOS/Source/portable/MemMang/heap_4.o
                0x0000000008006138                pvPortMalloc
 .text.vPortFree
                0x00000000080062c0       0xb4 ./Middlewares/Third_Party/FreeRTOS/Source/portable/MemMang/heap_4.o
                0x00000000080062c0                vPortFree
 .text.prvHeapInit
                0x0000000008006374       0xc4 ./Middlewares/Third_Party/FreeRTOS/Source/portable/MemMang/heap_4.o
 .text.prvInsertBlockIntoFreeList
                0x0000000008006438       0xb4 ./Middlewares/Third_Party/FreeRTOS/Source/portable/MemMang/heap_4.o
 .text.memset   0x00000000080064ec       0x10 /opt/st/stm32cubeide_1.13.2/plugins/com.st.stm32cube.ide.mcu.externaltools.gnu-tools-for-stm32.11.3.rel1.linux64_1.1.1.202309131626/tools/bin/../lib/gcc/arm-none-eabi/11.3.1/../../../../arm-none-eabi/lib/thumb/v7e-m+fp/hard/libc_nano.a(libc_a-memset.o)
                0x00000000080064ec                memset
 .text.__libc_init_array
                0x00000000080064fc       0x48 /opt/st/stm32cubeide_1.13.2/plugins/com.st.stm32cube.ide.mcu.externaltools.gnu-tools-for-stm32.11.3.rel1.linux64_1.1.1.202309131626/tools/bin/../lib/gcc/arm-none-eabi/11.3.1/../../../../arm-none-eabi/lib/thumb/v7e-m+fp/hard/libc_nano.a(libc_a-init.o)
                0x00000000080064fc                __libc_init_array
 .text.memcpy   0x0000000008006544       0x1c /opt/st/stm32cubeide_1.13.2/plugins/com.st.stm32cube.ide.mcu.externaltools.gnu-tools-for-stm32.11.3.rel1.linux64_1.1.1.202309131626/tools/bin/../lib/gcc/arm-none-eabi/11.3.1/../../../../arm-none-eabi/lib/thumb/v7e-m+fp/hard/libc_nano.a(libc_a-memcpy-stub.o)
                0x0000000008006544                memcpy
 *(.glue_7)
 .glue_7        0x0000000008006560        0x0 linker stubs
 *(.glue_7t)
 .glue_7t       0x0000000008006560        0x0 linker stubs
 *(.eh_frame)
 .eh_frame      0x0000000008006560        0x0 /opt/st/stm32cubeide_1.13.2/plugins/com.st.stm32cube.ide.mcu.externaltools.gnu-tools-for-stm32.11.3.rel1.linux64_1.1.1.202309131626/tools/bin/../lib/gcc/arm-none-eabi/11.3.1/thumb/v7e-m+fp/hard/crtbegin.o
 *(.init)
 .init          0x0000000008006560        0x4 /opt/st/stm32cubeide_1.13.2/plugins/com.st.stm32cube.ide.mcu.externaltools.gnu-tools-for-stm32.11.3.rel1.linux64_1.1.1.202309131626/tools/bin/../lib/gcc/arm-none-eabi/11.3.1/thumb/v7e-m+fp/hard/crti.o
                0x0000000008006560                _init
 .init          0x0000000008006564        0x8 /opt/st/stm32cubeide_1.13.2/plugins/com.st.stm32cube.ide.mcu.externaltools.gnu-tools-for-stm32.11.3.rel1.linux64_1.1.1.202309131626/tools/bin/../lib/gcc/arm-none-eabi/11.3.1/thumb/v7e-m+fp/hard/crtn.o
 *(.fini)
 .fini          0x000000000800656c        0x4 /opt/st/stm32cubeide_1.13.2/plugins/com.st.stm32cube.ide.mcu.externaltools.gnu-tools-for-stm32.11.3.rel1.linux64_1.1.1.202309131626/tools/bin/../lib/gcc/arm-none-eabi/11.3.1/thumb/v7e-m+fp/hard/crti.o
                0x000000000800656c                _fini
 .fini          0x0000000008006570        0x8 /opt/st/stm32cubeide_1.13.2/plugins/com.st.stm32cube.ide.mcu.externaltools.gnu-tools-for-stm32.11.3.rel1.linux64_1.1.1.202309131626/tools/bin/../lib/gcc/arm-none-eabi/11.3.1/thumb/v7e-m+fp/hard/crtn.o
                0x0000000008006578                . = ALIGN (0x4)
                0x0000000008006578                _etext = .

.vfp11_veneer   0x0000000008006578        0x0
 .vfp11_veneer  0x0000000008006578        0x0 linker stubs

.v4_bx          0x0000000008006578        0x0
 .v4_bx         0x0000000008006578        0x0 linker stubs

.iplt           0x0000000008006578        0x0
 .iplt          0x0000000008006578        0x0 /opt/st/stm32cubeide_1.13.2/plugins/com.st.stm32cube.ide.mcu.externaltools.gnu-tools-for-stm32.11.3.rel1.linux64_1.1.1.202309131626/tools/bin/../lib/gcc/arm-none-eabi/11.3.1/thumb/v7e-m+fp/hard/crtbegin.o

.rodata         0x0000000008006578      0x148
                0x0000000008006578                . = ALIGN (0x4)
 *(.rodata)
 .rodata        0x0000000008006578       0x5c ./Core/Src/main.o
 .rodata        0x00000000080065d4        0x5 ./Middlewares/Third_Party/FreeRTOS/Source/tasks.o
 *fill*         0x00000000080065d9        0x3 
 .rodata        0x00000000080065dc        0xd ./Middlewares/Third_Party/FreeRTOS/Source/timers.o
 *(.rodata*)
 *fill*         0x00000000080065e9        0x3 
 .rodata.BT_reader_attributes
                0x00000000080065ec       0x24 ./Core/Src/main.o
                0x00000000080065ec                BT_reader_attributes
 .rodata.MT_controller_attributes
                0x0000000008006610       0x24 ./Core/Src/main.o
                0x0000000008006610                MT_controller_attributes
 .rodata.Sensor_Read_attributes
                0x0000000008006634       0x24 ./Core/Src/main.o
                0x0000000008006634                Sensor_Read_attributes
 .rodata.Input_queue_attributes
                0x0000000008006658       0x18 ./Core/Src/main.o
                0x0000000008006658                Input_queue_attributes
 .rodata.BT_send_attributes
                0x0000000008006670       0x18 ./Core/Src/main.o
                0x0000000008006670                BT_send_attributes
 .rodata.AHBPrescTable
                0x0000000008006688       0x10 ./Core/Src/system_stm32f3xx.o
                0x0000000008006688                AHBPrescTable
 .rodata.APBPrescTable
                0x0000000008006698        0x8 ./Core/Src/system_stm32f3xx.o
                0x0000000008006698                APBPrescTable
 .rodata.aPLLMULFactorTable
                0x00000000080066a0       0x10 ./Drivers/STM32F3xx_HAL_Driver/Src/stm32f3xx_hal_rcc.o
 .rodata.aPredivFactorTable
                0x00000000080066b0       0x10 ./Drivers/STM32F3xx_HAL_Driver/Src/stm32f3xx_hal_rcc.o
                0x00000000080066c0                . = ALIGN (0x4)

.rel.dyn        0x00000000080066c0        0x0
 .rel.iplt      0x00000000080066c0        0x0 /opt/st/stm32cubeide_1.13.2/plugins/com.st.stm32cube.ide.mcu.externaltools.gnu-tools-for-stm32.11.3.rel1.linux64_1.1.1.202309131626/tools/bin/../lib/gcc/arm-none-eabi/11.3.1/thumb/v7e-m+fp/hard/crtbegin.o

.ARM.extab      0x00000000080066c0        0x0
                0x00000000080066c0                . = ALIGN (0x4)
 *(.ARM.extab* .gnu.linkonce.armextab.*)
                0x00000000080066c0                . = ALIGN (0x4)

.ARM            0x00000000080066c0        0x0
                0x00000000080066c0                . = ALIGN (0x4)
                0x00000000080066c0                __exidx_start = .
 *(.ARM.exidx*)
                0x00000000080066c0                __exidx_end = .
                0x00000000080066c0                . = ALIGN (0x4)

.preinit_array  0x00000000080066c0        0x0
                0x00000000080066c0                . = ALIGN (0x4)
                0x00000000080066c0                PROVIDE (__preinit_array_start = .)
 *(.preinit_array*)
                0x00000000080066c0                PROVIDE (__preinit_array_end = .)
                0x00000000080066c0                . = ALIGN (0x4)

.init_array     0x00000000080066c0        0x4
                0x00000000080066c0                . = ALIGN (0x4)
                0x00000000080066c0                PROVIDE (__init_array_start = .)
 *(SORT_BY_NAME(.init_array.*))
 *(.init_array*)
 .init_array    0x00000000080066c0        0x4 /opt/st/stm32cubeide_1.13.2/plugins/com.st.stm32cube.ide.mcu.externaltools.gnu-tools-for-stm32.11.3.rel1.linux64_1.1.1.202309131626/tools/bin/../lib/gcc/arm-none-eabi/11.3.1/thumb/v7e-m+fp/hard/crtbegin.o
                0x00000000080066c4                PROVIDE (__init_array_end = .)
                0x00000000080066c4                . = ALIGN (0x4)

.fini_array     0x00000000080066c4        0x4
                0x00000000080066c4                . = ALIGN (0x4)
                [!provide]                        PROVIDE (__fini_array_start = .)
 *(SORT_BY_NAME(.fini_array.*))
 *(.fini_array*)
 .fini_array    0x00000000080066c4        0x4 /opt/st/stm32cubeide_1.13.2/plugins/com.st.stm32cube.ide.mcu.externaltools.gnu-tools-for-stm32.11.3.rel1.linux64_1.1.1.202309131626/tools/bin/../lib/gcc/arm-none-eabi/11.3.1/thumb/v7e-m+fp/hard/crtbegin.o
                [!provide]                        PROVIDE (__fini_array_end = .)
                0x00000000080066c8                . = ALIGN (0x4)
                0x00000000080066c8                _sidata = LOADADDR (.data)

.data           0x0000000020000000       0x10 load address 0x00000000080066c8
                0x0000000020000000                . = ALIGN (0x4)
                0x0000000020000000                _sdata = .
 *(.data)
 *(.data*)
 .data.SystemCoreClock
                0x0000000020000000        0x4 ./Core/Src/system_stm32f3xx.o
                0x0000000020000000                SystemCoreClock
 .data.uwTickPrio
                0x0000000020000004        0x4 ./Drivers/STM32F3xx_HAL_Driver/Src/stm32f3xx_hal.o
                0x0000000020000004                uwTickPrio
 .data.uwTickFreq
                0x0000000020000008        0x1 ./Drivers/STM32F3xx_HAL_Driver/Src/stm32f3xx_hal.o
                0x0000000020000008                uwTickFreq
 *fill*         0x0000000020000009        0x3 
 .data.uxCriticalNesting
                0x000000002000000c        0x4 ./Middlewares/Third_Party/FreeRTOS/Source/portable/GCC/ARM_CM4F/port.o
 *(.RamFunc)
 *(.RamFunc*)
                0x0000000020000010                . = ALIGN (0x4)
                0x0000000020000010                _edata = .

.igot.plt       0x0000000020000010        0x0 load address 0x00000000080066d8
 .igot.plt      0x0000000020000010        0x0 /opt/st/stm32cubeide_1.13.2/plugins/com.st.stm32cube.ide.mcu.externaltools.gnu-tools-for-stm32.11.3.rel1.linux64_1.1.1.202309131626/tools/bin/../lib/gcc/arm-none-eabi/11.3.1/thumb/v7e-m+fp/hard/crtbegin.o
                0x0000000020000010                . = ALIGN (0x4)

.bss            0x0000000020000010     0x1a50 load address 0x00000000080066d8
                0x0000000020000010                _sbss = .
                0x0000000020000010                __bss_start__ = _sbss
 *(.bss)
 .bss           0x0000000020000010       0x1c /opt/st/stm32cubeide_1.13.2/plugins/com.st.stm32cube.ide.mcu.externaltools.gnu-tools-for-stm32.11.3.rel1.linux64_1.1.1.202309131626/tools/bin/../lib/gcc/arm-none-eabi/11.3.1/thumb/v7e-m+fp/hard/crtbegin.o
 *(.bss*)
 .bss.huart1    0x000000002000002c       0x88 ./Core/Src/main.o
                0x000000002000002c                huart1
 .bss.BT_readerHandle
                0x00000000200000b4        0x4 ./Core/Src/main.o
                0x00000000200000b4                BT_readerHandle
 .bss.MT_controllerHandle
                0x00000000200000b8        0x4 ./Core/Src/main.o
                0x00000000200000b8                MT_controllerHandle
 .bss.Sensor_ReadHandle
                0x00000000200000bc        0x4 ./Core/Src/main.o
                0x00000000200000bc                Sensor_ReadHandle
 .bss.Input_queueHandle
                0x00000000200000c0        0x4 ./Core/Src/main.o
                0x00000000200000c0                Input_queueHandle
 .bss.BT_sendHandle
                0x00000000200000c4        0x4 ./Core/Src/main.o
                0x00000000200000c4                BT_sendHandle
 .bss.htim6     0x00000000200000c8       0x4c ./Core/Src/stm32f3xx_hal_timebase_tim.o
                0x00000000200000c8                htim6
 .bss.uwTick    0x0000000020000114        0x4 ./Drivers/STM32F3xx_HAL_Driver/Src/stm32f3xx_hal.o
                0x0000000020000114                uwTick
 .bss.KernelState
                0x0000000020000118        0x4 ./Middlewares/Third_Party/FreeRTOS/Source/CMSIS_RTOS_V2/cmsis_os2.o
 .bss.Idle_TCB  0x000000002000011c       0x5c ./Middlewares/Third_Party/FreeRTOS/Source/CMSIS_RTOS_V2/cmsis_os2.o
 .bss.Idle_Stack
                0x0000000020000178      0x200 ./Middlewares/Third_Party/FreeRTOS/Source/CMSIS_RTOS_V2/cmsis_os2.o
 .bss.Timer_TCB
                0x0000000020000378       0x5c ./Middlewares/Third_Party/FreeRTOS/Source/CMSIS_RTOS_V2/cmsis_os2.o
 .bss.Timer_Stack
                0x00000000200003d4      0x400 ./Middlewares/Third_Party/FreeRTOS/Source/CMSIS_RTOS_V2/cmsis_os2.o
 .bss.xQueueRegistry
                0x00000000200007d4       0x40 ./Middlewares/Third_Party/FreeRTOS/Source/queue.o
                0x00000000200007d4                xQueueRegistry
 .bss.pxCurrentTCB
                0x0000000020000814        0x4 ./Middlewares/Third_Party/FreeRTOS/Source/tasks.o
                0x0000000020000814                pxCurrentTCB
 .bss.pxReadyTasksLists
                0x0000000020000818      0x460 ./Middlewares/Third_Party/FreeRTOS/Source/tasks.o
 .bss.xDelayedTaskList1
                0x0000000020000c78       0x14 ./Middlewares/Third_Party/FreeRTOS/Source/tasks.o
 .bss.xDelayedTaskList2
                0x0000000020000c8c       0x14 ./Middlewares/Third_Party/FreeRTOS/Source/tasks.o
 .bss.pxDelayedTaskList
                0x0000000020000ca0        0x4 ./Middlewares/Third_Party/FreeRTOS/Source/tasks.o
 .bss.pxOverflowDelayedTaskList
                0x0000000020000ca4        0x4 ./Middlewares/Third_Party/FreeRTOS/Source/tasks.o
 .bss.xPendingReadyList
                0x0000000020000ca8       0x14 ./Middlewares/Third_Party/FreeRTOS/Source/tasks.o
 .bss.xTasksWaitingTermination
                0x0000000020000cbc       0x14 ./Middlewares/Third_Party/FreeRTOS/Source/tasks.o
 .bss.uxDeletedTasksWaitingCleanUp
                0x0000000020000cd0        0x4 ./Middlewares/Third_Party/FreeRTOS/Source/tasks.o
 .bss.xSuspendedTaskList
                0x0000000020000cd4       0x14 ./Middlewares/Third_Party/FreeRTOS/Source/tasks.o
 .bss.uxCurrentNumberOfTasks
                0x0000000020000ce8        0x4 ./Middlewares/Third_Party/FreeRTOS/Source/tasks.o
 .bss.xTickCount
                0x0000000020000cec        0x4 ./Middlewares/Third_Party/FreeRTOS/Source/tasks.o
 .bss.uxTopReadyPriority
                0x0000000020000cf0        0x4 ./Middlewares/Third_Party/FreeRTOS/Source/tasks.o
 .bss.xSchedulerRunning
                0x0000000020000cf4        0x4 ./Middlewares/Third_Party/FreeRTOS/Source/tasks.o
 .bss.uxPendedTicks
                0x0000000020000cf8        0x4 ./Middlewares/Third_Party/FreeRTOS/Source/tasks.o
 .bss.xYieldPending
                0x0000000020000cfc        0x4 ./Middlewares/Third_Party/FreeRTOS/Source/tasks.o
 .bss.xNumOfOverflows
                0x0000000020000d00        0x4 ./Middlewares/Third_Party/FreeRTOS/Source/tasks.o
 .bss.uxTaskNumber
                0x0000000020000d04        0x4 ./Middlewares/Third_Party/FreeRTOS/Source/tasks.o
 .bss.xNextTaskUnblockTime
                0x0000000020000d08        0x4 ./Middlewares/Third_Party/FreeRTOS/Source/tasks.o
 .bss.xIdleTaskHandle
                0x0000000020000d0c        0x4 ./Middlewares/Third_Party/FreeRTOS/Source/tasks.o
 .bss.uxSchedulerSuspended
                0x0000000020000d10        0x4 ./Middlewares/Third_Party/FreeRTOS/Source/tasks.o
 .bss.xActiveTimerList1
                0x0000000020000d14       0x14 ./Middlewares/Third_Party/FreeRTOS/Source/timers.o
 .bss.xActiveTimerList2
                0x0000000020000d28       0x14 ./Middlewares/Third_Party/FreeRTOS/Source/timers.o
 .bss.pxCurrentTimerList
                0x0000000020000d3c        0x4 ./Middlewares/Third_Party/FreeRTOS/Source/timers.o
 .bss.pxOverflowTimerList
                0x0000000020000d40        0x4 ./Middlewares/Third_Party/FreeRTOS/Source/timers.o
 .bss.xTimerQueue
                0x0000000020000d44        0x4 ./Middlewares/Third_Party/FreeRTOS/Source/timers.o
 .bss.xTimerTaskHandle
                0x0000000020000d48        0x4 ./Middlewares/Third_Party/FreeRTOS/Source/timers.o
 .bss.xLastTime.2
                0x0000000020000d4c        0x4 ./Middlewares/Third_Party/FreeRTOS/Source/timers.o
 .bss.ucStaticTimerQueueStorage.1
                0x0000000020000d50       0xa0 ./Middlewares/Third_Party/FreeRTOS/Source/timers.o
 .bss.xStaticTimerQueue.0
                0x0000000020000df0       0x50 ./Middlewares/Third_Party/FreeRTOS/Source/timers.o
 .bss.ucMaxSysCallPriority
                0x0000000020000e40        0x1 ./Middlewares/Third_Party/FreeRTOS/Source/portable/GCC/ARM_CM4F/port.o
 *fill*         0x0000000020000e41        0x3 
 .bss.ulMaxPRIGROUPValue
                0x0000000020000e44        0x4 ./Middlewares/Third_Party/FreeRTOS/Source/portable/GCC/ARM_CM4F/port.o
 .bss.ucHeap    0x0000000020000e48      0xc00 ./Middlewares/Third_Party/FreeRTOS/Source/portable/MemMang/heap_4.o
 .bss.xStart    0x0000000020001a48        0x8 ./Middlewares/Third_Party/FreeRTOS/Source/portable/MemMang/heap_4.o
 .bss.pxEnd     0x0000000020001a50        0x4 ./Middlewares/Third_Party/FreeRTOS/Source/portable/MemMang/heap_4.o
 .bss.xFreeBytesRemaining
                0x0000000020001a54        0x4 ./Middlewares/Third_Party/FreeRTOS/Source/portable/MemMang/heap_4.o
 .bss.xMinimumEverFreeBytesRemaining
                0x0000000020001a58        0x4 ./Middlewares/Third_Party/FreeRTOS/Source/portable/MemMang/heap_4.o
 .bss.xBlockAllocatedBit
                0x0000000020001a5c        0x4 ./Middlewares/Third_Party/FreeRTOS/Source/portable/MemMang/heap_4.o
 *(COMMON)
                0x0000000020001a60                . = ALIGN (0x4)
                0x0000000020001a60                _ebss = .
                0x0000000020001a60                __bss_end__ = _ebss

._user_heap_stack
                0x0000000020001a60      0x600 load address 0x00000000080066d8
                0x0000000020001a60                . = ALIGN (0x8)
                [!provide]                        PROVIDE (end = .)
                0x0000000020001a60                PROVIDE (_end = .)
                0x0000000020001c60                . = (. + _Min_Heap_Size)
 *fill*         0x0000000020001a60      0x200 
                0x0000000020002060                . = (. + _Min_Stack_Size)
 *fill*         0x0000000020001c60      0x400 
                0x0000000020002060                . = ALIGN (0x8)

/DISCARD/
 libc.a(*)
 libm.a(*)
 libgcc.a(*)

.ARM.attributes
                0x0000000000000000       0x30
 *(.ARM.attributes)
 .ARM.attributes
                0x0000000000000000       0x1e /opt/st/stm32cubeide_1.13.2/plugins/com.st.stm32cube.ide.mcu.externaltools.gnu-tools-for-stm32.11.3.rel1.linux64_1.1.1.202309131626/tools/bin/../lib/gcc/arm-none-eabi/11.3.1/thumb/v7e-m+fp/hard/crti.o
 .ARM.attributes
                0x000000000000001e       0x34 /opt/st/stm32cubeide_1.13.2/plugins/com.st.stm32cube.ide.mcu.externaltools.gnu-tools-for-stm32.11.3.rel1.linux64_1.1.1.202309131626/tools/bin/../lib/gcc/arm-none-eabi/11.3.1/thumb/v7e-m+fp/hard/crtbegin.o
 .ARM.attributes
                0x0000000000000052       0x34 ./Core/Src/main.o
 .ARM.attributes
                0x0000000000000086       0x34 ./Core/Src/stm32f3xx_hal_msp.o
 .ARM.attributes
                0x00000000000000ba       0x34 ./Core/Src/stm32f3xx_hal_timebase_tim.o
 .ARM.attributes
                0x00000000000000ee       0x34 ./Core/Src/stm32f3xx_it.o
 .ARM.attributes
                0x0000000000000122       0x34 ./Core/Src/system_stm32f3xx.o
 .ARM.attributes
                0x0000000000000156       0x21 ./Core/Startup/startup_stm32f302r8tx.o
 .ARM.attributes
                0x0000000000000177       0x34 ./Drivers/STM32F3xx_HAL_Driver/Src/stm32f3xx_hal.o
 .ARM.attributes
                0x00000000000001ab       0x34 ./Drivers/STM32F3xx_HAL_Driver/Src/stm32f3xx_hal_cortex.o
 .ARM.attributes
                0x00000000000001df       0x34 ./Drivers/STM32F3xx_HAL_Driver/Src/stm32f3xx_hal_gpio.o
 .ARM.attributes
                0x0000000000000213       0x34 ./Drivers/STM32F3xx_HAL_Driver/Src/stm32f3xx_hal_rcc.o
 .ARM.attributes
                0x0000000000000247       0x34 ./Drivers/STM32F3xx_HAL_Driver/Src/stm32f3xx_hal_rcc_ex.o
 .ARM.attributes
                0x000000000000027b       0x34 ./Drivers/STM32F3xx_HAL_Driver/Src/stm32f3xx_hal_tim.o
 .ARM.attributes
                0x00000000000002af       0x34 ./Drivers/STM32F3xx_HAL_Driver/Src/stm32f3xx_hal_tim_ex.o
 .ARM.attributes
                0x00000000000002e3       0x34 ./Drivers/STM32F3xx_HAL_Driver/Src/stm32f3xx_hal_uart.o
 .ARM.attributes
                0x0000000000000317       0x34 ./Middlewares/Third_Party/FreeRTOS/Source/CMSIS_RTOS_V2/cmsis_os2.o
 .ARM.attributes
                0x000000000000034b       0x34 ./Middlewares/Third_Party/FreeRTOS/Source/list.o
 .ARM.attributes
                0x000000000000037f       0x34 ./Middlewares/Third_Party/FreeRTOS/Source/queue.o
 .ARM.attributes
                0x00000000000003b3       0x34 ./Middlewares/Third_Party/FreeRTOS/Source/tasks.o
 .ARM.attributes
                0x00000000000003e7       0x34 ./Middlewares/Third_Party/FreeRTOS/Source/timers.o
 .ARM.attributes
                0x000000000000041b       0x34 ./Middlewares/Third_Party/FreeRTOS/Source/portable/GCC/ARM_CM4F/port.o
 .ARM.attributes
                0x000000000000044f       0x34 ./Middlewares/Third_Party/FreeRTOS/Source/portable/MemMang/heap_4.o
 .ARM.attributes
                0x0000000000000483       0x34 /opt/st/stm32cubeide_1.13.2/plugins/com.st.stm32cube.ide.mcu.externaltools.gnu-tools-for-stm32.11.3.rel1.linux64_1.1.1.202309131626/tools/bin/../lib/gcc/arm-none-eabi/11.3.1/../../../../arm-none-eabi/lib/thumb/v7e-m+fp/hard/libc_nano.a(libc_a-memset.o)
 .ARM.attributes
                0x00000000000004b7       0x34 /opt/st/stm32cubeide_1.13.2/plugins/com.st.stm32cube.ide.mcu.externaltools.gnu-tools-for-stm32.11.3.rel1.linux64_1.1.1.202309131626/tools/bin/../lib/gcc/arm-none-eabi/11.3.1/../../../../arm-none-eabi/lib/thumb/v7e-m+fp/hard/libc_nano.a(libc_a-init.o)
 .ARM.attributes
                0x00000000000004eb       0x34 /opt/st/stm32cubeide_1.13.2/plugins/com.st.stm32cube.ide.mcu.externaltools.gnu-tools-for-stm32.11.3.rel1.linux64_1.1.1.202309131626/tools/bin/../lib/gcc/arm-none-eabi/11.3.1/../../../../arm-none-eabi/lib/thumb/v7e-m+fp/hard/libc_nano.a(libc_a-memcpy-stub.o)
 .ARM.attributes
                0x000000000000051f       0x17 /opt/st/stm32cubeide_1.13.2/plugins/com.st.stm32cube.ide.mcu.externaltools.gnu-tools-for-stm32.11.3.rel1.linux64_1.1.1.202309131626/tools/bin/../lib/gcc/arm-none-eabi/11.3.1/../../../../arm-none-eabi/lib/thumb/v7e-m+fp/hard/libc_nano.a(libc_a-strlen.o)
 .ARM.attributes
                0x0000000000000536       0x1e /opt/st/stm32cubeide_1.13.2/plugins/com.st.stm32cube.ide.mcu.externaltools.gnu-tools-for-stm32.11.3.rel1.linux64_1.1.1.202309131626/tools/bin/../lib/gcc/arm-none-eabi/11.3.1/thumb/v7e-m+fp/hard/crtn.o
OUTPUT(controller.elf elf32-littlearm)
LOAD linker stubs
LOAD /opt/st/stm32cubeide_1.13.2/plugins/com.st.stm32cube.ide.mcu.externaltools.gnu-tools-for-stm32.11.3.rel1.linux64_1.1.1.202309131626/tools/bin/../lib/gcc/arm-none-eabi/11.3.1/../../../../arm-none-eabi/lib/thumb/v7e-m+fp/hard/libc.a
LOAD /opt/st/stm32cubeide_1.13.2/plugins/com.st.stm32cube.ide.mcu.externaltools.gnu-tools-for-stm32.11.3.rel1.linux64_1.1.1.202309131626/tools/bin/../lib/gcc/arm-none-eabi/11.3.1/../../../../arm-none-eabi/lib/thumb/v7e-m+fp/hard/libm.a
LOAD /opt/st/stm32cubeide_1.13.2/plugins/com.st.stm32cube.ide.mcu.externaltools.gnu-tools-for-stm32.11.3.rel1.linux64_1.1.1.202309131626/tools/bin/../lib/gcc/arm-none-eabi/11.3.1/thumb/v7e-m+fp/hard/libgcc.a

.comment        0x0000000000000000       0x43
 .comment       0x0000000000000000       0x43 /opt/st/stm32cubeide_1.13.2/plugins/com.st.stm32cube.ide.mcu.externaltools.gnu-tools-for-stm32.11.3.rel1.linux64_1.1.1.202309131626/tools/bin/../lib/gcc/arm-none-eabi/11.3.1/thumb/v7e-m+fp/hard/crtbegin.o
                                         0x44 (size before relaxing)
 .comment       0x0000000000000043       0x44 ./Core/Src/main.o
 .comment       0x0000000000000043       0x44 ./Core/Src/stm32f3xx_hal_msp.o
 .comment       0x0000000000000043       0x44 ./Core/Src/stm32f3xx_hal_timebase_tim.o
 .comment       0x0000000000000043       0x44 ./Core/Src/stm32f3xx_it.o
 .comment       0x0000000000000043       0x44 ./Core/Src/system_stm32f3xx.o
 .comment       0x0000000000000043       0x44 ./Drivers/STM32F3xx_HAL_Driver/Src/stm32f3xx_hal.o
 .comment       0x0000000000000043       0x44 ./Drivers/STM32F3xx_HAL_Driver/Src/stm32f3xx_hal_cortex.o
 .comment       0x0000000000000043       0x44 ./Drivers/STM32F3xx_HAL_Driver/Src/stm32f3xx_hal_gpio.o
 .comment       0x0000000000000043       0x44 ./Drivers/STM32F3xx_HAL_Driver/Src/stm32f3xx_hal_rcc.o
 .comment       0x0000000000000043       0x44 ./Drivers/STM32F3xx_HAL_Driver/Src/stm32f3xx_hal_rcc_ex.o
 .comment       0x0000000000000043       0x44 ./Drivers/STM32F3xx_HAL_Driver/Src/stm32f3xx_hal_tim.o
 .comment       0x0000000000000043       0x44 ./Drivers/STM32F3xx_HAL_Driver/Src/stm32f3xx_hal_tim_ex.o
 .comment       0x0000000000000043       0x44 ./Drivers/STM32F3xx_HAL_Driver/Src/stm32f3xx_hal_uart.o
 .comment       0x0000000000000043       0x44 ./Middlewares/Third_Party/FreeRTOS/Source/CMSIS_RTOS_V2/cmsis_os2.o
 .comment       0x0000000000000043       0x44 ./Middlewares/Third_Party/FreeRTOS/Source/list.o
 .comment       0x0000000000000043       0x44 ./Middlewares/Third_Party/FreeRTOS/Source/queue.o
 .comment       0x0000000000000043       0x44 ./Middlewares/Third_Party/FreeRTOS/Source/tasks.o
 .comment       0x0000000000000043       0x44 ./Middlewares/Third_Party/FreeRTOS/Source/timers.o
 .comment       0x0000000000000043       0x44 ./Middlewares/Third_Party/FreeRTOS/Source/portable/GCC/ARM_CM4F/port.o
 .comment       0x0000000000000043       0x44 ./Middlewares/Third_Party/FreeRTOS/Source/portable/MemMang/heap_4.o

.debug_info     0x0000000000000000    0x177a7
 .debug_info    0x0000000000000000     0x177e ./Core/Src/main.o
 .debug_info    0x000000000000177e      0xa87 ./Core/Src/stm32f3xx_hal_msp.o
 .debug_info    0x0000000000002205      0xa40 ./Core/Src/stm32f3xx_hal_timebase_tim.o
 .debug_info    0x0000000000002c45      0x6a8 ./Core/Src/stm32f3xx_it.o
 .debug_info    0x00000000000032ed      0x407 ./Core/Src/system_stm32f3xx.o
 .debug_info    0x00000000000036f4       0x23 ./Core/Startup/startup_stm32f302r8tx.o
 .debug_info    0x0000000000003717      0x774 ./Drivers/STM32F3xx_HAL_Driver/Src/stm32f3xx_hal.o
 .debug_info    0x0000000000003e8b      0xab1 ./Drivers/STM32F3xx_HAL_Driver/Src/stm32f3xx_hal_cortex.o
 .debug_info    0x000000000000493c      0x5fe ./Drivers/STM32F3xx_HAL_Driver/Src/stm32f3xx_hal_gpio.o
 .debug_info    0x0000000000004f3a     0x14f1 ./Drivers/STM32F3xx_HAL_Driver/Src/stm32f3xx_hal_rcc.o
 .debug_info    0x000000000000642b      0x5b2 ./Drivers/STM32F3xx_HAL_Driver/Src/stm32f3xx_hal_rcc_ex.o
 .debug_info    0x00000000000069dd     0x2a52 ./Drivers/STM32F3xx_HAL_Driver/Src/stm32f3xx_hal_tim.o
 .debug_info    0x000000000000942f     0x156d ./Drivers/STM32F3xx_HAL_Driver/Src/stm32f3xx_hal_tim_ex.o
 .debug_info    0x000000000000a99c     0x39a8 ./Drivers/STM32F3xx_HAL_Driver/Src/stm32f3xx_hal_uart.o
 .debug_info    0x000000000000e344     0x39bf ./Middlewares/Third_Party/FreeRTOS/Source/CMSIS_RTOS_V2/cmsis_os2.o
 .debug_info    0x0000000000011d03      0x2aa ./Middlewares/Third_Party/FreeRTOS/Source/list.o
 .debug_info    0x0000000000011fad     0x1abf ./Middlewares/Third_Party/FreeRTOS/Source/queue.o
 .debug_info    0x0000000000013a6c     0x20e5 ./Middlewares/Third_Party/FreeRTOS/Source/tasks.o
 .debug_info    0x0000000000015b51     0x13b5 ./Middlewares/Third_Party/FreeRTOS/Source/timers.o
 .debug_info    0x0000000000016f06      0x4de ./Middlewares/Third_Party/FreeRTOS/Source/portable/GCC/ARM_CM4F/port.o
 .debug_info    0x00000000000173e4      0x3c3 ./Middlewares/Third_Party/FreeRTOS/Source/portable/MemMang/heap_4.o

.debug_abbrev   0x0000000000000000     0x319e
 .debug_abbrev  0x0000000000000000      0x359 ./Core/Src/main.o
 .debug_abbrev  0x0000000000000359      0x1af ./Core/Src/stm32f3xx_hal_msp.o
 .debug_abbrev  0x0000000000000508      0x1f4 ./Core/Src/stm32f3xx_hal_timebase_tim.o
 .debug_abbrev  0x00000000000006fc      0x17d ./Core/Src/stm32f3xx_it.o
 .debug_abbrev  0x0000000000000879      0x11a ./Core/Src/system_stm32f3xx.o
 .debug_abbrev  0x0000000000000993       0x12 ./Core/Startup/startup_stm32f302r8tx.o
 .debug_abbrev  0x00000000000009a5      0x215 ./Drivers/STM32F3xx_HAL_Driver/Src/stm32f3xx_hal.o
 .debug_abbrev  0x0000000000000bba      0x2f8 ./Drivers/STM32F3xx_HAL_Driver/Src/stm32f3xx_hal_cortex.o
 .debug_abbrev  0x0000000000000eb2      0x1ca ./Drivers/STM32F3xx_HAL_Driver/Src/stm32f3xx_hal_gpio.o
 .debug_abbrev  0x000000000000107c      0x300 ./Drivers/STM32F3xx_HAL_Driver/Src/stm32f3xx_hal_rcc.o
 .debug_abbrev  0x000000000000137c      0x232 ./Drivers/STM32F3xx_HAL_Driver/Src/stm32f3xx_hal_rcc_ex.o
 .debug_abbrev  0x00000000000015ae      0x278 ./Drivers/STM32F3xx_HAL_Driver/Src/stm32f3xx_hal_tim.o
 .debug_abbrev  0x0000000000001826      0x283 ./Drivers/STM32F3xx_HAL_Driver/Src/stm32f3xx_hal_tim_ex.o
 .debug_abbrev  0x0000000000001aa9      0x2d1 ./Drivers/STM32F3xx_HAL_Driver/Src/stm32f3xx_hal_uart.o
 .debug_abbrev  0x0000000000001d7a      0x433 ./Middlewares/Third_Party/FreeRTOS/Source/CMSIS_RTOS_V2/cmsis_os2.o
 .debug_abbrev  0x00000000000021ad       0xf5 ./Middlewares/Third_Party/FreeRTOS/Source/list.o
 .debug_abbrev  0x00000000000022a2      0x3ce ./Middlewares/Third_Party/FreeRTOS/Source/queue.o
 .debug_abbrev  0x0000000000002670      0x385 ./Middlewares/Third_Party/FreeRTOS/Source/tasks.o
 .debug_abbrev  0x00000000000029f5      0x348 ./Middlewares/Third_Party/FreeRTOS/Source/timers.o
 .debug_abbrev  0x0000000000002d3d      0x25c ./Middlewares/Third_Party/FreeRTOS/Source/portable/GCC/ARM_CM4F/port.o
 .debug_abbrev  0x0000000000002f99      0x205 ./Middlewares/Third_Party/FreeRTOS/Source/portable/MemMang/heap_4.o

.debug_aranges  0x0000000000000000     0x1358
 .debug_aranges
                0x0000000000000000       0x78 ./Core/Src/main.o
 .debug_aranges
                0x0000000000000078       0x30 ./Core/Src/stm32f3xx_hal_msp.o
 .debug_aranges
                0x00000000000000a8       0x30 ./Core/Src/stm32f3xx_hal_timebase_tim.o
 .debug_aranges
                0x00000000000000d8       0x50 ./Core/Src/stm32f3xx_it.o
 .debug_aranges
                0x0000000000000128       0x28 ./Core/Src/system_stm32f3xx.o
 .debug_aranges
                0x0000000000000150       0x28 ./Core/Startup/startup_stm32f302r8tx.o
 .debug_aranges
                0x0000000000000178       0xe0 ./Drivers/STM32F3xx_HAL_Driver/Src/stm32f3xx_hal.o
 .debug_aranges
                0x0000000000000258      0x100 ./Drivers/STM32F3xx_HAL_Driver/Src/stm32f3xx_hal_cortex.o
 .debug_aranges
                0x0000000000000358       0x58 ./Drivers/STM32F3xx_HAL_Driver/Src/stm32f3xx_hal_gpio.o
 .debug_aranges
                0x00000000000003b0       0x88 ./Drivers/STM32F3xx_HAL_Driver/Src/stm32f3xx_hal_rcc.o
 .debug_aranges
                0x0000000000000438       0x38 ./Drivers/STM32F3xx_HAL_Driver/Src/stm32f3xx_hal_rcc_ex.o
 .debug_aranges
                0x0000000000000470      0x3e0 ./Drivers/STM32F3xx_HAL_Driver/Src/stm32f3xx_hal_tim.o
 .debug_aranges
                0x0000000000000850      0x178 ./Drivers/STM32F3xx_HAL_Driver/Src/stm32f3xx_hal_tim_ex.o
 .debug_aranges
                0x00000000000009c8      0x228 ./Drivers/STM32F3xx_HAL_Driver/Src/stm32f3xx_hal_uart.o
 .debug_aranges
                0x0000000000000bf0      0x228 ./Middlewares/Third_Party/FreeRTOS/Source/CMSIS_RTOS_V2/cmsis_os2.o
 .debug_aranges
                0x0000000000000e18       0x40 ./Middlewares/Third_Party/FreeRTOS/Source/list.o
 .debug_aranges
                0x0000000000000e58      0x158 ./Middlewares/Third_Party/FreeRTOS/Source/queue.o
 .debug_aranges
                0x0000000000000fb0      0x1f8 ./Middlewares/Third_Party/FreeRTOS/Source/tasks.o
 .debug_aranges
                0x00000000000011a8       0xe0 ./Middlewares/Third_Party/FreeRTOS/Source/timers.o
 .debug_aranges
                0x0000000000001288       0x80 ./Middlewares/Third_Party/FreeRTOS/Source/portable/GCC/ARM_CM4F/port.o
 .debug_aranges
                0x0000000000001308       0x50 ./Middlewares/Third_Party/FreeRTOS/Source/portable/MemMang/heap_4.o

.debug_rnglists
                0x0000000000000000      0xf1f
 .debug_rnglists
                0x0000000000000000       0x58 ./Core/Src/main.o
 .debug_rnglists
                0x0000000000000058       0x20 ./Core/Src/stm32f3xx_hal_msp.o
 .debug_rnglists
                0x0000000000000078       0x20 ./Core/Src/stm32f3xx_hal_timebase_tim.o
 .debug_rnglists
                0x0000000000000098       0x37 ./Core/Src/stm32f3xx_it.o
 .debug_rnglists
                0x00000000000000cf       0x1a ./Core/Src/system_stm32f3xx.o
 .debug_rnglists
                0x00000000000000e9       0x19 ./Core/Startup/startup_stm32f302r8tx.o
 .debug_rnglists
                0x0000000000000102       0xa3 ./Drivers/STM32F3xx_HAL_Driver/Src/stm32f3xx_hal.o
 .debug_rnglists
                0x00000000000001a5       0xbb ./Drivers/STM32F3xx_HAL_Driver/Src/stm32f3xx_hal_cortex.o
 .debug_rnglists
                0x0000000000000260       0x3f ./Drivers/STM32F3xx_HAL_Driver/Src/stm32f3xx_hal_gpio.o
 .debug_rnglists
                0x000000000000029f       0x66 ./Drivers/STM32F3xx_HAL_Driver/Src/stm32f3xx_hal_rcc.o
 .debug_rnglists
                0x0000000000000305       0x28 ./Drivers/STM32F3xx_HAL_Driver/Src/stm32f3xx_hal_rcc_ex.o
 .debug_rnglists
                0x000000000000032d      0x328 ./Drivers/STM32F3xx_HAL_Driver/Src/stm32f3xx_hal_tim.o
 .debug_rnglists
                0x0000000000000655      0x131 ./Drivers/STM32F3xx_HAL_Driver/Src/stm32f3xx_hal_tim_ex.o
 .debug_rnglists
                0x0000000000000786      0x1da ./Drivers/STM32F3xx_HAL_Driver/Src/stm32f3xx_hal_uart.o
 .debug_rnglists
                0x0000000000000960      0x1b4 ./Middlewares/Third_Party/FreeRTOS/Source/CMSIS_RTOS_V2/cmsis_os2.o
 .debug_rnglists
                0x0000000000000b14       0x2b ./Middlewares/Third_Party/FreeRTOS/Source/list.o
 .debug_rnglists
                0x0000000000000b3f      0x109 ./Middlewares/Third_Party/FreeRTOS/Source/queue.o
 .debug_rnglists
                0x0000000000000c48      0x194 ./Middlewares/Third_Party/FreeRTOS/Source/tasks.o
 .debug_rnglists
                0x0000000000000ddc       0xab ./Middlewares/Third_Party/FreeRTOS/Source/timers.o
 .debug_rnglists
                0x0000000000000e87       0x5d ./Middlewares/Third_Party/FreeRTOS/Source/portable/GCC/ARM_CM4F/port.o
 .debug_rnglists
                0x0000000000000ee4       0x3b ./Middlewares/Third_Party/FreeRTOS/Source/portable/MemMang/heap_4.o

.debug_macro    0x0000000000000000     0x359a
 .debug_macro   0x0000000000000000      0x344 ./Core/Src/main.o
 .debug_macro   0x0000000000000344       0x5b ./Core/Src/main.o
 .debug_macro   0x000000000000039f       0x74 ./Core/Src/main.o
 .debug_macro   0x0000000000000413      0x122 ./Core/Src/main.o
 .debug_macro   0x0000000000000535       0xdd ./Core/Src/main.o
 .debug_macro   0x0000000000000612       0x61 ./Core/Src/main.o
 .debug_macro   0x0000000000000673       0x2a ./Core/Src/main.o
 .debug_macro   0x000000000000069d       0x43 ./Core/Src/main.o
 .debug_macro   0x00000000000006e0       0x34 ./Core/Src/main.o
 .debug_macro   0x0000000000000714       0x16 ./Core/Src/main.o
 .debug_macro   0x000000000000072a       0x43 ./Core/Src/main.o
 .debug_macro   0x000000000000076d       0x34 ./Core/Src/main.o
 .debug_macro   0x00000000000007a1       0x10 ./Core/Src/main.o
 .debug_macro   0x00000000000007b1       0x58 ./Core/Src/main.o
 .debug_macro   0x0000000000000809       0x8e ./Core/Src/main.o
 .debug_macro   0x0000000000000897       0x1c ./Core/Src/main.o
 .debug_macro   0x00000000000008b3      0x177 ./Core/Src/main.o
 .debug_macro   0x0000000000000a2a      0x369 ./Core/Src/main.o
 .debug_macro   0x0000000000000d93       0x10 ./Core/Src/main.o
 .debug_macro   0x0000000000000da3       0x35 ./Core/Src/main.o
 .debug_macro   0x0000000000000dd8       0x20 ./Core/Src/main.o
 .debug_macro   0x0000000000000df8       0x1c ./Core/Src/main.o
 .debug_macro   0x0000000000000e14       0x10 ./Core/Src/main.o
 .debug_macro   0x0000000000000e24       0x1c ./Core/Src/main.o
 .debug_macro   0x0000000000000e40       0x16 ./Core/Src/main.o
 .debug_macro   0x0000000000000e56      0x147 ./Core/Src/main.o
 .debug_macro   0x0000000000000f9d      0x1cf ./Core/Src/stm32f3xx_hal_msp.o
 .debug_macro   0x000000000000116c      0x1c5 ./Core/Src/stm32f3xx_hal_timebase_tim.o
 .debug_macro   0x0000000000001331      0x1d9 ./Core/Src/stm32f3xx_it.o
 .debug_macro   0x000000000000150a      0x1c5 ./Core/Src/system_stm32f3xx.o
 .debug_macro   0x00000000000016cf      0x1e9 ./Drivers/STM32F3xx_HAL_Driver/Src/stm32f3xx_hal.o
 .debug_macro   0x00000000000018b8      0x1c5 ./Drivers/STM32F3xx_HAL_Driver/Src/stm32f3xx_hal_cortex.o
 .debug_macro   0x0000000000001a7d      0x1cc ./Drivers/STM32F3xx_HAL_Driver/Src/stm32f3xx_hal_gpio.o
 .debug_macro   0x0000000000001c49      0x1e9 ./Drivers/STM32F3xx_HAL_Driver/Src/stm32f3xx_hal_rcc.o
 .debug_macro   0x0000000000001e32      0x1c5 ./Drivers/STM32F3xx_HAL_Driver/Src/stm32f3xx_hal_rcc_ex.o
 .debug_macro   0x0000000000001ff7      0x1c6 ./Drivers/STM32F3xx_HAL_Driver/Src/stm32f3xx_hal_tim.o
 .debug_macro   0x00000000000021bd      0x1c5 ./Drivers/STM32F3xx_HAL_Driver/Src/stm32f3xx_hal_tim_ex.o
 .debug_macro   0x0000000000002382      0x1e2 ./Drivers/STM32F3xx_HAL_Driver/Src/stm32f3xx_hal_uart.o
 .debug_macro   0x0000000000002564      0x247 ./Middlewares/Third_Party/FreeRTOS/Source/CMSIS_RTOS_V2/cmsis_os2.o
 .debug_macro   0x00000000000027ab       0x10 ./Middlewares/Third_Party/FreeRTOS/Source/CMSIS_RTOS_V2/cmsis_os2.o
 .debug_macro   0x00000000000027bb       0xd3 ./Middlewares/Third_Party/FreeRTOS/Source/CMSIS_RTOS_V2/cmsis_os2.o
 .debug_macro   0x000000000000288e       0x91 ./Middlewares/Third_Party/FreeRTOS/Source/CMSIS_RTOS_V2/cmsis_os2.o
 .debug_macro   0x000000000000291f       0x8d ./Middlewares/Third_Party/FreeRTOS/Source/CMSIS_RTOS_V2/cmsis_os2.o
 .debug_macro   0x00000000000029ac       0x9a ./Middlewares/Third_Party/FreeRTOS/Source/CMSIS_RTOS_V2/cmsis_os2.o
 .debug_macro   0x0000000000002a46      0x187 ./Middlewares/Third_Party/FreeRTOS/Source/list.o
 .debug_macro   0x0000000000002bcd      0x212 ./Middlewares/Third_Party/FreeRTOS/Source/queue.o
 .debug_macro   0x0000000000002ddf       0x16 ./Middlewares/Third_Party/FreeRTOS/Source/queue.o
 .debug_macro   0x0000000000002df5      0x287 ./Middlewares/Third_Party/FreeRTOS/Source/tasks.o
 .debug_macro   0x000000000000307c       0x10 ./Middlewares/Third_Party/FreeRTOS/Source/tasks.o
 .debug_macro   0x000000000000308c      0x1ca ./Middlewares/Third_Party/FreeRTOS/Source/timers.o
 .debug_macro   0x0000000000003256      0x196 ./Middlewares/Third_Party/FreeRTOS/Source/portable/GCC/ARM_CM4F/port.o
 .debug_macro   0x00000000000033ec      0x1ae ./Middlewares/Third_Party/FreeRTOS/Source/portable/MemMang/heap_4.o

.debug_line     0x0000000000000000    0x16699
 .debug_line    0x0000000000000000      0xbc8 ./Core/Src/main.o
 .debug_line    0x0000000000000bc8      0x6f6 ./Core/Src/stm32f3xx_hal_msp.o
 .debug_line    0x00000000000012be      0x723 ./Core/Src/stm32f3xx_hal_timebase_tim.o
 .debug_line    0x00000000000019e1      0x744 ./Core/Src/stm32f3xx_it.o
 .debug_line    0x0000000000002125      0x71e ./Core/Src/system_stm32f3xx.o
 .debug_line    0x0000000000002843       0x7a ./Core/Startup/startup_stm32f302r8tx.o
 .debug_line    0x00000000000028bd      0x953 ./Drivers/STM32F3xx_HAL_Driver/Src/stm32f3xx_hal.o
 .debug_line    0x0000000000003210      0xb3b ./Drivers/STM32F3xx_HAL_Driver/Src/stm32f3xx_hal_cortex.o
 .debug_line    0x0000000000003d4b      0xa9e ./Drivers/STM32F3xx_HAL_Driver/Src/stm32f3xx_hal_gpio.o
 .debug_line    0x00000000000047e9     0x132d ./Drivers/STM32F3xx_HAL_Driver/Src/stm32f3xx_hal_rcc.o
 .debug_line    0x0000000000005b16      0xb8d ./Drivers/STM32F3xx_HAL_Driver/Src/stm32f3xx_hal_rcc_ex.o
 .debug_line    0x00000000000066a3     0x3bb2 ./Drivers/STM32F3xx_HAL_Driver/Src/stm32f3xx_hal_tim.o
 .debug_line    0x000000000000a255     0x19a2 ./Drivers/STM32F3xx_HAL_Driver/Src/stm32f3xx_hal_tim_ex.o
 .debug_line    0x000000000000bbf7     0x3017 ./Drivers/STM32F3xx_HAL_Driver/Src/stm32f3xx_hal_uart.o
 .debug_line    0x000000000000ec0e     0x2411 ./Middlewares/Third_Party/FreeRTOS/Source/CMSIS_RTOS_V2/cmsis_os2.o
 .debug_line    0x000000000001101f      0x6c1 ./Middlewares/Third_Party/FreeRTOS/Source/list.o
 .debug_line    0x00000000000116e0     0x1684 ./Middlewares/Third_Party/FreeRTOS/Source/queue.o
 .debug_line    0x0000000000012d64     0x1ced ./Middlewares/Third_Party/FreeRTOS/Source/tasks.o
 .debug_line    0x0000000000014a51      0xc58 ./Middlewares/Third_Party/FreeRTOS/Source/timers.o
 .debug_line    0x00000000000156a9      0x76d ./Middlewares/Third_Party/FreeRTOS/Source/portable/GCC/ARM_CM4F/port.o
 .debug_line    0x0000000000015e16      0x883 ./Middlewares/Third_Party/FreeRTOS/Source/portable/MemMang/heap_4.o

.debug_str      0x0000000000000000    0xaf7cb
 .debug_str     0x0000000000000000    0xa67bb ./Core/Src/main.o
                                      0xa6b6c (size before relaxing)
 .debug_str     0x00000000000a67bb      0x36a ./Core/Src/stm32f3xx_hal_msp.o
                                      0x9f2e0 (size before relaxing)
 .debug_str     0x00000000000a6b25      0x11a ./Core/Src/stm32f3xx_hal_timebase_tim.o
                                      0x9f465 (size before relaxing)
 .debug_str     0x00000000000a6c3f       0xa5 ./Core/Src/stm32f3xx_it.o
                                      0x9efb8 (size before relaxing)
 .debug_str     0x00000000000a6ce4       0xdf ./Core/Src/system_stm32f3xx.o
                                      0x9eb47 (size before relaxing)
 .debug_str     0x00000000000a6dc3       0x34 ./Core/Startup/startup_stm32f302r8tx.o
                                         0x6b (size before relaxing)
 .debug_str     0x00000000000a6df7      0x35d ./Drivers/STM32F3xx_HAL_Driver/Src/stm32f3xx_hal.o
                                      0x9f2a1 (size before relaxing)
 .debug_str     0x00000000000a7154      0x223 ./Drivers/STM32F3xx_HAL_Driver/Src/stm32f3xx_hal_cortex.o
                                      0x9f1c6 (size before relaxing)
 .debug_str     0x00000000000a7377      0x167 ./Drivers/STM32F3xx_HAL_Driver/Src/stm32f3xx_hal_gpio.o
                                      0x9ecbd (size before relaxing)
 .debug_str     0x00000000000a74de      0x29b ./Drivers/STM32F3xx_HAL_Driver/Src/stm32f3xx_hal_rcc.o
                                      0x9efe7 (size before relaxing)
 .debug_str     0x00000000000a7779       0xbe ./Drivers/STM32F3xx_HAL_Driver/Src/stm32f3xx_hal_rcc_ex.o
                                      0x9ed6b (size before relaxing)
 .debug_str     0x00000000000a7837      0xea6 ./Drivers/STM32F3xx_HAL_Driver/Src/stm32f3xx_hal_tim.o
                                      0x9ff6e (size before relaxing)
 .debug_str     0x00000000000a86dd      0x561 ./Drivers/STM32F3xx_HAL_Driver/Src/stm32f3xx_hal_tim_ex.o
                                      0x9f7c4 (size before relaxing)
 .debug_str     0x00000000000a8c3e      0x86b ./Drivers/STM32F3xx_HAL_Driver/Src/stm32f3xx_hal_uart.o
                                      0x9f86a (size before relaxing)
 .debug_str     0x00000000000a94a9     0x3921 ./Middlewares/Third_Party/FreeRTOS/Source/CMSIS_RTOS_V2/cmsis_os2.o
                                       0xe78d (size before relaxing)
 .debug_str     0x00000000000acdca      0x21b ./Middlewares/Third_Party/FreeRTOS/Source/list.o
                                       0xa67e (size before relaxing)
 .debug_str     0x00000000000acfe5      0x86c ./Middlewares/Third_Party/FreeRTOS/Source/queue.o
                                       0xc078 (size before relaxing)
 .debug_str     0x00000000000ad851     0x10a8 ./Middlewares/Third_Party/FreeRTOS/Source/tasks.o
                                       0xcbdc (size before relaxing)
 .debug_str     0x00000000000ae8f9      0x515 ./Middlewares/Third_Party/FreeRTOS/Source/timers.o
                                       0xc54d (size before relaxing)
 .debug_str     0x00000000000aee0e      0x783 ./Middlewares/Third_Party/FreeRTOS/Source/portable/GCC/ARM_CM4F/port.o
                                       0x81f3 (size before relaxing)
 .debug_str     0x00000000000af591      0x23a ./Middlewares/Third_Party/FreeRTOS/Source/portable/MemMang/heap_4.o
                                       0xadcb (size before relaxing)

.debug_frame    0x0000000000000000     0x5170
 .debug_frame   0x0000000000000000      0x1a8 ./Core/Src/main.o
 .debug_frame   0x00000000000001a8       0x7c ./Core/Src/stm32f3xx_hal_msp.o
 .debug_frame   0x0000000000000224       0x74 ./Core/Src/stm32f3xx_hal_timebase_tim.o
 .debug_frame   0x0000000000000298       0xc4 ./Core/Src/stm32f3xx_it.o
 .debug_frame   0x000000000000035c       0x58 ./Core/Src/system_stm32f3xx.o
 .debug_frame   0x00000000000003b4      0x334 ./Drivers/STM32F3xx_HAL_Driver/Src/stm32f3xx_hal.o
 .debug_frame   0x00000000000006e8      0x428 ./Drivers/STM32F3xx_HAL_Driver/Src/stm32f3xx_hal_cortex.o
 .debug_frame   0x0000000000000b10      0x14c ./Drivers/STM32F3xx_HAL_Driver/Src/stm32f3xx_hal_gpio.o
 .debug_frame   0x0000000000000c5c      0x214 ./Drivers/STM32F3xx_HAL_Driver/Src/stm32f3xx_hal_rcc.o
 .debug_frame   0x0000000000000e70       0xb0 ./Drivers/STM32F3xx_HAL_Driver/Src/stm32f3xx_hal_rcc_ex.o
 .debug_frame   0x0000000000000f20     0x121c ./Drivers/STM32F3xx_HAL_Driver/Src/stm32f3xx_hal_tim.o
 .debug_frame   0x000000000000213c      0x688 ./Drivers/STM32F3xx_HAL_Driver/Src/stm32f3xx_hal_tim_ex.o
 .debug_frame   0x00000000000027c4      0x9e8 ./Drivers/STM32F3xx_HAL_Driver/Src/stm32f3xx_hal_uart.o
 .debug_frame   0x00000000000031ac      0x980 ./Middlewares/Third_Party/FreeRTOS/Source/CMSIS_RTOS_V2/cmsis_os2.o
 .debug_frame   0x0000000000003b2c       0xd8 ./Middlewares/Third_Party/FreeRTOS/Source/list.o
 .debug_frame   0x0000000000003c04      0x5ec ./Middlewares/Third_Party/FreeRTOS/Source/queue.o
 .debug_frame   0x00000000000041f0      0x8a8 ./Middlewares/Third_Party/FreeRTOS/Source/tasks.o
 .debug_frame   0x0000000000004a98      0x3b4 ./Middlewares/Third_Party/FreeRTOS/Source/timers.o
 .debug_frame   0x0000000000004e4c      0x1a8 ./Middlewares/Third_Party/FreeRTOS/Source/portable/GCC/ARM_CM4F/port.o
 .debug_frame   0x0000000000004ff4      0x108 ./Middlewares/Third_Party/FreeRTOS/Source/portable/MemMang/heap_4.o
 .debug_frame   0x00000000000050fc       0x20 /opt/st/stm32cubeide_1.13.2/plugins/com.st.stm32cube.ide.mcu.externaltools.gnu-tools-for-stm32.11.3.rel1.linux64_1.1.1.202309131626/tools/bin/../lib/gcc/arm-none-eabi/11.3.1/../../../../arm-none-eabi/lib/thumb/v7e-m+fp/hard/libc_nano.a(libc_a-memset.o)
 .debug_frame   0x000000000000511c       0x2c /opt/st/stm32cubeide_1.13.2/plugins/com.st.stm32cube.ide.mcu.externaltools.gnu-tools-for-stm32.11.3.rel1.linux64_1.1.1.202309131626/tools/bin/../lib/gcc/arm-none-eabi/11.3.1/../../../../arm-none-eabi/lib/thumb/v7e-m+fp/hard/libc_nano.a(libc_a-init.o)
 .debug_frame   0x0000000000005148       0x28 /opt/st/stm32cubeide_1.13.2/plugins/com.st.stm32cube.ide.mcu.externaltools.gnu-tools-for-stm32.11.3.rel1.linux64_1.1.1.202309131626/tools/bin/../lib/gcc/arm-none-eabi/11.3.1/../../../../arm-none-eabi/lib/thumb/v7e-m+fp/hard/libc_nano.a(libc_a-memcpy-stub.o)

.debug_line_str
                0x0000000000000000       0x5f
 .debug_line_str
                0x0000000000000000       0x5f ./Core/Startup/startup_stm32f302r8tx.o
                                         0x77 (size before relaxing)
