../Drivers/CMSIS/Include/core_cm4.h:2064:26:ITM_SendChar	16	static,ignoring_inline_asm
../Core/Src/main.c:29:6:printer	16	static
../Core/Src/main.c:35:7:osStatusToString	16	static
../Core/Src/main.c:118:5:main	8	static
../Core/Src/main.c:198:6:SystemClock_Config	120	static
../Core/Src/main.c:245:13:MX_TIM2_Init	40	static
../Core/Src/main.c:295:13:MX_USART1_UART_Init	8	static
../Core/Src/main.c:327:13:MX_GPIO_Init	48	static
../Core/Src/main.c:373:5:FON_UART_Receive	32	static
../Core/Src/main.c:397:6:HAL_GPIO_EXTI_Callback	48	static
../Core/Src/main.c:470:6:BT_reader_funct	88	static
../Core/Src/main.c:516:6:MT_controller_funct	56	static
../Core/Src/main.c:590:6:Sensor_reader_funct	48	static
../Core/Src/main.c:623:6:HAL_TIM_PeriodElapsedCallback	16	static
../Core/Src/main.c:638:6:Error_Handler	16	static
