../Drivers/CMSIS/Include/core_cm4.h:2064:26:ITM_SendChar	16	static,ignoring_inline_asm
../Core/Src/main.c:29:6:printer	16	static
../Core/Src/main.c:35:7:osStatusToString	16	static
../Core/Src/main.c:54:7:MAP	16	static
../Core/Src/main.c:128:5:main	8	static
../Core/Src/main.c:209:6:SystemClock_Config	120	static
../Core/Src/main.c:257:13:MX_TIM1_Init	40	static
../Core/Src/main.c:308:13:MX_TIM2_Init	64	static
../Core/Src/main.c:366:13:MX_USART1_UART_Init	8	static
../Core/Src/main.c:398:13:MX_GPIO_Init	48	static
../Core/Src/main.c:444:5:FON_UART_Receive	32	static
../Core/Src/main.c:468:6:HAL_GPIO_EXTI_Callback	48	static
../Core/Src/main.c:541:6:BT_reader_funct	88	static
../Core/Src/main.c:587:6:MT_controller_funct	56	static
../Core/Src/main.c:663:6:Sensor_reader_funct	48	static
../Core/Src/main.c:696:6:HAL_TIM_PeriodElapsedCallback	16	static
../Core/Src/main.c:711:6:Error_Handler	16	static
